Component: ARM Compiler 5.06 update 6 (build 750) Tool: armlink [4d35ed]

==============================================================================

Section Cross References

    startup_stm32f103xb.o(RESET) refers to startup_stm32f103xb.o(STACK) for __initial_sp
    startup_stm32f103xb.o(RESET) refers to startup_stm32f103xb.o(.text) for Reset_Handler
    startup_stm32f103xb.o(RESET) refers to stm32f1xx_it.o(i.NMI_Handler) for NMI_Handler
    startup_stm32f103xb.o(RESET) refers to stm32f1xx_it.o(i.HardFault_Handler) for HardFault_Handler
    startup_stm32f103xb.o(RESET) refers to stm32f1xx_it.o(i.MemManage_Handler) for MemManage_Handler
    startup_stm32f103xb.o(RESET) refers to stm32f1xx_it.o(i.BusFault_Handler) for BusFault_Handler
    startup_stm32f103xb.o(RESET) refers to stm32f1xx_it.o(i.UsageFault_Handler) for UsageFault_Handler
    startup_stm32f103xb.o(RESET) refers to port.o(.emb_text) for SVC_Handler
    startup_stm32f103xb.o(RESET) refers to stm32f1xx_it.o(i.DebugMon_Handler) for DebugMon_Handler
    startup_stm32f103xb.o(RESET) refers to port.o(i.SysTick_Handler) for SysTick_Handler
    startup_stm32f103xb.o(RESET) refers to stm32f1xx_it.o(i.DMA1_Channel4_IRQHandler) for DMA1_Channel4_IRQHandler
    startup_stm32f103xb.o(RESET) refers to stm32f1xx_it.o(i.DMA1_Channel5_IRQHandler) for DMA1_Channel5_IRQHandler
    startup_stm32f103xb.o(RESET) refers to stm32f1xx_it.o(i.TIM4_IRQHandler) for TIM4_IRQHandler
    startup_stm32f103xb.o(RESET) refers to stm32f1xx_it.o(i.USART1_IRQHandler) for USART1_IRQHandler
    startup_stm32f103xb.o(.text) refers to system_stm32f1xx.o(i.SystemInit) for SystemInit
    startup_stm32f103xb.o(.text) refers to entry.o(.ARM.Collect$$$$00000000) for __main
    main.o(i.HAL_TIM_PeriodElapsedCallback) refers to stm32f1xx_hal.o(i.HAL_IncTick) for HAL_IncTick
    main.o(i.SystemClock_Config) refers to memseta.o(.text) for __aeabi_memclr4
    main.o(i.SystemClock_Config) refers to stm32f1xx_hal_rcc.o(i.HAL_RCC_OscConfig) for HAL_RCC_OscConfig
    main.o(i.SystemClock_Config) refers to stm32f1xx_hal_rcc.o(i.HAL_RCC_ClockConfig) for HAL_RCC_ClockConfig
    main.o(i.main) refers to stm32f1xx_hal.o(i.HAL_Init) for HAL_Init
    main.o(i.main) refers to main.o(i.SystemClock_Config) for SystemClock_Config
    main.o(i.main) refers to gpio.o(i.MX_GPIO_Init) for MX_GPIO_Init
    main.o(i.main) refers to dma.o(i.MX_DMA_Init) for MX_DMA_Init
    main.o(i.main) refers to usart.o(i.MX_USART1_UART_Init) for MX_USART1_UART_Init
    main.o(i.main) refers to cmsis_os2.o(i.osKernelInitialize) for osKernelInitialize
    main.o(i.main) refers to freertos.o(i.MX_FREERTOS_Init) for MX_FREERTOS_Init
    main.o(i.main) refers to cmsis_os2.o(i.osKernelStart) for osKernelStart
    freertos.o(i.MX_FREERTOS_Init) refers to cmsis_os2.o(i.osThreadNew) for osThreadNew
    freertos.o(i.MX_FREERTOS_Init) refers to freertos.o(.constdata) for .constdata
    freertos.o(i.MX_FREERTOS_Init) refers to user_tasks.o(i.StartTaskHigh) for StartTaskHigh
    freertos.o(i.MX_FREERTOS_Init) refers to freertos.o(.data) for .data
    freertos.o(i.MX_FREERTOS_Init) refers to user_tasks.o(i.StartTaskLow) for StartTaskLow
    freertos.o(i.MX_FREERTOS_Init) refers to user_tasks.o(i.StartTaskNormal) for StartTaskNormal
    freertos.o(i.StartTaskHigh) refers to cmsis_os2.o(i.osDelay) for osDelay
    freertos.o(i.StartTaskLow) refers to cmsis_os2.o(i.osDelay) for osDelay
    freertos.o(i.StartTaskNormal) refers to cmsis_os2.o(i.osDelay) for osDelay
    freertos.o(.constdata) refers to freertos.o(.conststring) for .conststring
    dma.o(i.MX_DMA_Init) refers to stm32f1xx_hal_cortex.o(i.HAL_NVIC_SetPriority) for HAL_NVIC_SetPriority
    dma.o(i.MX_DMA_Init) refers to stm32f1xx_hal_cortex.o(i.HAL_NVIC_EnableIRQ) for HAL_NVIC_EnableIRQ
    usart.o(i.HAL_UART_MspDeInit) refers to stm32f1xx_hal_gpio.o(i.HAL_GPIO_DeInit) for HAL_GPIO_DeInit
    usart.o(i.HAL_UART_MspDeInit) refers to stm32f1xx_hal_dma.o(i.HAL_DMA_DeInit) for HAL_DMA_DeInit
    usart.o(i.HAL_UART_MspDeInit) refers to stm32f1xx_hal_cortex.o(i.HAL_NVIC_DisableIRQ) for HAL_NVIC_DisableIRQ
    usart.o(i.HAL_UART_MspInit) refers to stm32f1xx_hal_gpio.o(i.HAL_GPIO_Init) for HAL_GPIO_Init
    usart.o(i.HAL_UART_MspInit) refers to stm32f1xx_hal_dma.o(i.HAL_DMA_Init) for HAL_DMA_Init
    usart.o(i.HAL_UART_MspInit) refers to main.o(i.Error_Handler) for Error_Handler
    usart.o(i.HAL_UART_MspInit) refers to stm32f1xx_hal_cortex.o(i.HAL_NVIC_SetPriority) for HAL_NVIC_SetPriority
    usart.o(i.HAL_UART_MspInit) refers to stm32f1xx_hal_cortex.o(i.HAL_NVIC_EnableIRQ) for HAL_NVIC_EnableIRQ
    usart.o(i.HAL_UART_MspInit) refers to usart.o(.bss) for .bss
    usart.o(i.MX_USART1_UART_Init) refers to stm32f1xx_hal_uart.o(i.HAL_UART_Init) for HAL_UART_Init
    usart.o(i.MX_USART1_UART_Init) refers to main.o(i.Error_Handler) for Error_Handler
    usart.o(i.MX_USART1_UART_Init) refers to usart.o(.bss) for .bss
[...]
    RESET                                    0x08000000   Section      236  startup_stm32f103xb.o(RESET)
    .ARM.Collect$$$$00000000                 0x080000ec   Section        0  entry.o(.ARM.Collect$$$$00000000)
    .ARM.Collect$$$$00000001                 0x080000ec   Section        4  entry2.o(.ARM.Collect$$$$00000001)
    .ARM.Collect$$$$00000004                 0x080000f0   Section        4  entry5.o(.ARM.Collect$$$$00000004)
    .ARM.Collect$$$$00000008                 0x080000f4   Section        0  entry7b.o(.ARM.Collect$$$$00000008)
    .ARM.Collect$$$$0000000A                 0x080000f4   Section        0  entry8b.o(.ARM.Collect$$$$0000000A)
    .ARM.Collect$$$$0000000B                 0x080000f4   Section        8  entry9a.o(.ARM.Collect$$$$0000000B)
    .ARM.Collect$$$$0000000D                 0x080000fc   Section        0  entry10a.o(.ARM.Collect$$$$0000000D)
    .ARM.Collect$$$$0000000F                 0x080000fc   Section        0  entry11a.o(.ARM.Collect$$$$0000000F)
    .ARM.Collect$$$$00002712                 0x080000fc   Section        4  entry2.o(.ARM.Collect$$$$00002712)
    __lit__00000000                          0x080000fc   Data           4  entry2.o(.ARM.Collect$$$$00002712)
    .emb_text                                0x08000100   Section      150  port.o(.emb_text)
    .text                                    0x08000198   Section       36  startup_stm32f103xb.o(.text)
    .text                                    0x080001bc   Section        0  llushr.o(.text)
    .text                                    0x080001dc   Section        0  ctype_o.o(.text)
    .text                                    0x080001e4   Section        0  isspace_o.o(.text)
    .text                                    0x080001f6   Section        0  memcpya.o(.text)
    .text                                    0x0800021a   Section        0  memseta.o(.text)
    .text                                    0x0800023e   Section        0  d2f.o(.text)
    .text                                    0x08000276   Section        0  uidiv.o(.text)
    .text                                    0x080002a4   Section        0  strtod.o(.text)
    _local_sscanf                            0x080002a5   Thumb Code    54  strtod.o(.text)
    .text                                    0x08000340   Section        0  iusefp.o(.text)
    .text                                    0x08000340   Section        0  fepilogue.o(.text)
    .text                                    0x080003ae   Section        0  dmul.o(.text)
    .text                                    0x08000492   Section        0  ddiv.o(.text)
    .text                                    0x08000570   Section       36  init.o(.text)
    .text                                    0x08000594   Section        0  llshl.o(.text)
    .text                                    0x080005b4   Section        0  scanf_fp.o(.text)
    _fp_value                                0x080005b5   Thumb Code   296  scanf_fp.o(.text)
    .text                                    0x08000914   Section        0  _sgetc.o(.text)
    .text                                    0x08000954   Section        0  depilogue.o(.text)
    .text                                    0x08000a0e   Section        0  dfltul.o(.text)
    i.BusFault_Handler                       0x08000a26   Section        0  stm32f1xx_it.o(i.BusFault_Handler)
    i.DMA1_Channel4_IRQHandler               0x08000a28   Section        0  stm32f1xx_it.o(i.DMA1_Channel4_IRQHandler)
    i.DMA1_Channel5_IRQHandler               0x08000a34   Section        0  stm32f1xx_it.o(i.DMA1_Channel5_IRQHandler)
    i.DMA_SetConfig                          0x08000a40   Section        0  stm32f1xx_hal_dma.o(i.DMA_SetConfig)
    DMA_SetConfig                            0x08000a41   Thumb Code    42  stm32f1xx_hal_dma.o(i.DMA_SetConfig)
    i.DebugMon_Handler                       0x08000a6a   Section        0  stm32f1xx_it.o(i.DebugMon_Handler)
    i.Error_Handler                          0x08000a6c   Section        0  main.o(i.Error_Handler)
    i.HAL_DMA_Abort                          0x08000a70   Section        0  stm32f1xx_hal_dma.o(i.HAL_DMA_Abort)
    i.HAL_DMA_Abort_IT                       0x08000ab8   Section        0  stm32f1xx_hal_dma.o(i.HAL_DMA_Abort_IT)
    i.HAL_DMA_IRQHandler                     0x08000b50   Section        0  stm32f1xx_hal_dma.o(i.HAL_DMA_IRQHandler)
    i.HAL_DMA_Init                           0x08000ca4   Section        0  stm32f1xx_hal_dma.o(i.HAL_DMA_Init)
    i.HAL_DMA_Start_IT                       0x08000d00   Section        0  stm32f1xx_hal_dma.o(i.HAL_DMA_Start_IT)
    i.HAL_GPIO_Init                          0x08000d70   Section        0  stm32f1xx_hal_gpio.o(i.HAL_GPIO_Init)
    i.HAL_GetTick                            0x08000f50   Section        0  stm32f1xx_hal.o(i.HAL_GetTick)
    i.HAL_IncTick                            0x08000f5c   Section        0  stm32f1xx_hal.o(i.HAL_IncTick)
    i.HAL_Init                               0x08000f6c   Section        0  stm32f1xx_hal.o(i.HAL_Init)
    i.HAL_InitTick                           0x08000f90   Section        0  stm32f1xx_hal_timebase_tim.o(i.HAL_InitTick)
    i.HAL_MspInit                            0x08001028   Section        0  stm32f1xx_hal_msp.o(i.HAL_MspInit)
    i.HAL_NVIC_EnableIRQ                     0x08001070   Section        0  stm32f1xx_hal_cortex.o(i.HAL_NVIC_EnableIRQ)
    i.HAL_NVIC_SetPriority                   0x0800108c   Section        0  stm32f1xx_hal_cortex.o(i.HAL_NVIC_SetPriority)
    i.HAL_NVIC_SetPriorityGrouping           0x080010cc   Section        0  stm32f1xx_hal_cortex.o(i.HAL_NVIC_SetPriorityGrouping)
    i.HAL_RCC_ClockConfig                    0x080010f0   Section        0  stm32f1xx_hal_rcc.o(i.HAL_RCC_ClockConfig)
    i.HAL_RCC_GetClockConfig                 0x0800121c   Section        0  stm32f1xx_hal_rcc.o(i.HAL_RCC_GetClockConfig)
    i.HAL_RCC_GetPCLK1Freq                   0x0800125c   Section        0  stm32f1xx_hal_rcc.o(i.HAL_RCC_GetPCLK1Freq)
    i.HAL_RCC_GetPCLK2Freq                   0x0800127c   Section        0  stm32f1xx_hal_rcc.o(i.HAL_RCC_GetPCLK2Freq)
    i.HAL_RCC_GetSysClockFreq                0x0800129c   Section        0  stm32f1xx_hal_rcc.o(i.HAL_RCC_GetSysClockFreq)
    i.HAL_RCC_OscConfig                      0x080012e8   Section        0  stm32f1xx_hal_rcc.o(i.HAL_RCC_OscConfig)
    i.HAL_TIMEx_BreakCallback                0x08001608   Section        0  stm32f1xx_hal_tim_ex.o(i.HAL_TIMEx_BreakCallback)
    i.HAL_TIMEx_CommutCallback               0x0800160a   Section        0  stm32f1xx_hal_tim_ex.o(i.HAL_TIMEx_CommutCallback)
    i.HAL_TIM_Base_Init                      0x0800160c   Section        0  stm32f1xx_hal_tim.o(i.HAL_TIM_Base_Init)
    i.HAL_TIM_Base_MspInit                   0x08001666   Section        0  stm32f1xx_hal_tim.o(i.HAL_TIM_Base_MspInit)
    i.HAL_TIM_Base_Start_IT                  0x08001668   Section        0  stm32f1xx_hal_tim.o(i.HAL_TIM_Base_Start_IT)
    i.HAL_TIM_IC_CaptureCallback             0x080016c0   Section        0  stm32f1xx_hal_tim.o(i.HAL_TIM_IC_CaptureCallback)
    i.HAL_TIM_IRQHandler                     0x080016c2   Section        0  stm32f1xx_hal_tim.o(i.HAL_TIM_IRQHandler)
    i.HAL_TIM_OC_DelayElapsedCallback        0x08001828   Section        0  stm32f1xx_hal_tim.o(i.HAL_TIM_OC_DelayElapsedCallback)
    i.HAL_TIM_PWM_PulseFinishedCallback      0x0800182a   Section        0  stm32f1xx_hal_tim.o(i.HAL_TIM_PWM_PulseFinishedCallback)
    i.HAL_TIM_PeriodElapsedCallback          0x0800182c   Section        0  main.o(i.HAL_TIM_PeriodElapsedCallback)
    i.HAL_TIM_TriggerCallback                0x08001840   Section        0  stm32f1xx_hal_tim.o(i.HAL_TIM_TriggerCallback)
    i.HAL_UARTEx_RxEventCallback             0x08001842   Section        0  stm32f1xx_hal_uart.o(i.HAL_UARTEx_RxEventCallback)
    i.HAL_UART_DMAStop                       0x08001844   Section        0  stm32f1xx_hal_uart.o(i.HAL_UART_DMAStop)
    i.HAL_UART_ErrorCallback                 0x080018b4   Section        0  stm32f1xx_hal_uart.o(i.HAL_UART_ErrorCallback)
    i.HAL_UART_IRQHandler                    0x080018b8   Section        0  stm32f1xx_hal_uart.o(i.HAL_UART_IRQHandler)
    i.HAL_UART_Init                          0x08001b24   Section        0  stm32f1xx_hal_uart.o(i.HAL_UART_Init)
    i.HAL_UART_MspInit                       0x08001b88   Section        0  usart.o(i.HAL_UART_MspInit)
    i.HAL_UART_Receive_DMA                   0x08001c6c   Section        0  stm32f1xx_hal_uart.o(i.HAL_UART_Receive_DMA)
    i.HAL_UART_RxCpltCallback                0x08001c88   Section        0  stm32f1xx_hal_uart.o(i.HAL_UART_RxCpltCallback)
    i.HAL_UART_RxHalfCpltCallback            0x08001c8a   Section        0  stm32f1xx_hal_uart.o(i.HAL_UART_RxHalfCpltCallback)
    i.HAL_UART_Transmit_DMA                  0x08001c8c   Section        0  stm32f1xx_hal_uart.o(i.HAL_UART_Transmit_DMA)
    i.HAL_UART_TxCpltCallback                0x08001d04   Section        0  stm32f1xx_hal_uart.o(i.HAL_UART_TxCpltCallback)
    i.HAL_UART_TxHalfCpltCallback            0x08001d06   Section        0  stm32f1xx_hal_uart.o(i.HAL_UART_TxHalfCpltCallback)
    i.HardFault_Handler                      0x08001d08   Section        0  stm32f1xx_it.o(i.HardFault_Handler)
    i.MX_DMA_Init                            0x08001d0c   Section        0  dma.o(i.MX_DMA_Init)
    i.MX_FREERTOS_Init                       0x08001d48   Section        0  freertos.o(i.MX_FREERTOS_Init)
    i.MX_GPIO_Init                           0x08001d8c   Section        0  gpio.o(i.MX_GPIO_Init)
    i.MX_USART1_UART_Init                    0x08001db8   Section        0  usart.o(i.MX_USART1_UART_Init)
    i.MemManage_Handler                      0x08001df0   Section        0  stm32f1xx_it.o(i.MemManage_Handler)
    i.NMI_Handler                            0x08001df2   Section        0  stm32f1xx_it.o(i.NMI_Handler)
    i.StartTaskHigh                          0x08001df4   Section        0  user_tasks.o(i.StartTaskHigh)
    i.StartTaskLow                           0x08001e28   Section        0  user_tasks.o(i.StartTaskLow)
    i.StartTaskNormal                        0x08001e30   Section        0  user_tasks.o(i.StartTaskNormal)
    i.SysTick_Handler                        0x08001e3c   Section        0  port.o(i.SysTick_Handler)
    i.SystemClock_Config                     0x08001e68   Section        0  main.o(i.SystemClock_Config)
    i.SystemInit                             0x08001ec6   Section        0  system_stm32f1xx.o(i.SystemInit)
    i.TIM4_IRQHandler                        0x08001ec8   Section        0  stm32f1xx_it.o(i.TIM4_IRQHandler)
    i.TIM_Base_SetConfig                     0x08001ed4   Section        0  stm32f1xx_hal_tim.o(i.TIM_Base_SetConfig)
    i.UART_DMAAbortOnError                   0x08001f40   Section        0  stm32f1xx_hal_uart.o(i.UART_DMAAbortOnError)
    UART_DMAAbortOnError                     0x08001f41   Thumb Code    16  stm32f1xx_hal_uart.o(i.UART_DMAAbortOnError)
    i.UART_DMAError                          0x08001f50   Section        0  stm32f1xx_hal_uart.o(i.UART_DMAError)
    UART_DMAError                            0x08001f51   Thumb Code    74  stm32f1xx_hal_uart.o(i.UART_DMAError)
    i.UART_DMAReceiveCplt                    0x08001f9a   Section        0  stm32f1xx_hal_uart.o(i.UART_DMAReceiveCplt)
    UART_DMAReceiveCplt                      0x08001f9b   Thumb Code   134  stm32f1xx_hal_uart.o(i.UART_DMAReceiveCplt)
    i.UART_DMARxHalfCplt                     0x08002020   Section        0  stm32f1xx_hal_uart.o(i.UART_DMARxHalfCplt)
    UART_DMARxHalfCplt                       0x08002021   Thumb Code    30  stm32f1xx_hal_uart.o(i.UART_DMARxHalfCplt)
    i.UART_DMATransmitCplt                   0x0800203e   Section        0  stm32f1xx_hal_uart.o(i.UART_DMATransmitCplt)
    UART_DMATransmitCplt                     0x0800203f   Thumb Code    66  stm32f1xx_hal_uart.o(i.UART_DMATransmitCplt)
    i.UART_DMATxHalfCplt                     0x08002080   Section        0  stm32f1xx_hal_uart.o(i.UART_DMATxHalfCplt)
    UART_DMATxHalfCplt                       0x08002081   Thumb Code    10  stm32f1xx_hal_uart.o(i.UART_DMATxHalfCplt)
    i.UART_EndRxTransfer                     0x0800208a   Section        0  stm32f1xx_hal_uart.o(i.UART_EndRxTransfer)
    UART_EndRxTransfer                       0x0800208b   Thumb Code    78  stm32f1xx_hal_uart.o(i.UART_EndRxTransfer)
    i.UART_EndTxTransfer                     0x080020d8   Section        0  stm32f1xx_hal_uart.o(i.UART_EndTxTransfer)
    UART_EndTxTransfer                       0x080020d9   Thumb Code    28  stm32f1xx_hal_uart.o(i.UART_EndTxTransfer)
    i.UART_Receive_IT                        0x080020f4   Section        0  stm32f1xx_hal_uart.o(i.UART_Receive_IT)
    UART_Receive_IT                          0x080020f5   Thumb Code   194  stm32f1xx_hal_uart.o(i.UART_Receive_IT)
    i.UART_SetConfig                         0x080021b8   Section        0  stm32f1xx_hal_uart.o(i.UART_SetConfig)
    UART_SetConfig                           0x080021b9   Thumb Code   178  stm32f1xx_hal_uart.o(i.UART_SetConfig)
    i.UART_Start_Receive_DMA                 0x08002270   Section        0  stm32f1xx_hal_uart.o(i.UART_Start_Receive_DMA)
    i.USART1_IRQHandler                      0x08002300   Section        0  stm32f1xx_it.o(i.USART1_IRQHandler)
    i.UsageFault_Handler                     0x08002314   Section        0  stm32f1xx_it.o(i.UsageFault_Handler)
    i.User_CommFOCDataParas                  0x08002318   Section        0  user_foc_uart.o(i.User_CommFOCDataParas)
    i.User_CommFOCIRQHandler                 0x080023b0   Section        0  user_foc_uart.o(i.User_CommFOCIRQHandler)
    i.User_CommFOCInit                       0x08002404   Section        0  user_foc_uart.o(i.User_CommFOCInit)
    i.User_CommFOCRecTask                    0x08002438   Section        0  user_foc_uart.o(i.User_CommFOCRecTask)
    i.User_CommFOCSendTask                   0x080024c4   Section        0  user_foc_uart.o(i.User_CommFOCSendTask)
    i.User_Init                              0x08002528   Section        0  user_tasks.o(i.User_Init)
    i.__0sprintf$3                           0x08002534   Section        0  printf3.o(i.__0sprintf$3)
    i.__NVIC_SetPriority                     0x0800255c   Section        0  stm32f1xx_hal_cortex.o(i.__NVIC_SetPriority)
    __NVIC_SetPriority                       0x0800255d   Thumb Code    32  stm32f1xx_hal_cortex.o(i.__NVIC_SetPriority)
    i.__read_errno                           0x0800257c   Section        0  errno.o(i.__read_errno)
    i.__scatterload_copy                     0x08002588   Section       14  handlers.o(i.__scatterload_copy)
    i.__scatterload_null                     0x08002596   Section        2  handlers.o(i.__scatterload_null)
    i.__scatterload_zeroinit                 0x08002598   Section       14  handlers.o(i.__scatterload_zeroinit)
    i.__set_errno                            0x080025a8   Section        0  errno.o(i.__set_errno)
    i._is_digit                              0x080025b4   Section        0  scanf_fp.o(i._is_digit)
    i._printf_core                           0x080025c4   Section        0  printf3.o(i._printf_core)
    _printf_core                             0x080025c5   Thumb Code   436  printf3.o(i._printf_core)
    i._sputc                                 0x0800277c   Section        0  printf3.o(i._sputc)
    _sputc                                   0x0800277d   Thumb Code    10  printf3.o(i._sputc)
    i.atof                                   0x08002786   Section        0  atof.o(i.atof)
    i.is_valid_atof_format                   0x080027b0   Section        0  user_foc_uart.o(i.is_valid_atof_format)
    i.main                                   0x08002806   Section        0  main.o(i.main)
    i.osDelay                                0x08002828   Section        0  cmsis_os2.o(i.osDelay)
    i.osKernelInitialize                     0x0800285c   Section        0  cmsis_os2.o(i.osKernelInitialize)
    i.osKernelStart                          0x08002894   Section        0  cmsis_os2.o(i.osKernelStart)
    i.osThreadNew                            0x080028d4   Section        0  cmsis_os2.o(i.osThreadNew)
    i.prvAddCurrentTaskToDelayedList         0x08002978   Section        0  tasks.o(i.prvAddCurrentTaskToDelayedList)
    prvAddCurrentTaskToDelayedList           0x08002979   Thumb Code    84  tasks.o(i.prvAddCurrentTaskToDelayedList)
    i.prvAddNewTaskToReadyList               0x080029d4   Section        0  tasks.o(i.prvAddNewTaskToReadyList)
    prvAddNewTaskToReadyList                 0x080029d5   Thumb Code   190  tasks.o(i.prvAddNewTaskToReadyList)
    i.prvCheckForValidListAndQueue           0x08002aa4   Section        0  timers.o(i.prvCheckForValidListAndQueue)
    prvCheckForValidListAndQueue             0x08002aa5   Thumb Code    72  timers.o(i.prvCheckForValidListAndQueue)
    i.prvCopyDataFromQueue                   0x08002afc   Section        0  queue.o(i.prvCopyDataFromQueue)
    prvCopyDataFromQueue                     0x08002afd   Thumb Code    38  queue.o(i.prvCopyDataFromQueue)
    i.prvCopyDataToQueue                     0x08002b22   Section        0  queue.o(i.prvCopyDataToQueue)
    prvCopyDataToQueue                       0x08002b23   Thumb Code   108  queue.o(i.prvCopyDataToQueue)
    i.prvDeleteTCB                           0x08002b8e   Section        0  tasks.o(i.prvDeleteTCB)
    prvDeleteTCB                             0x08002b8f   Thumb Code    52  tasks.o(i.prvDeleteTCB)
    i.prvHeapInit                            0x08002bc4   Section        0  heap_4.o(i.prvHeapInit)
    prvHeapInit                              0x08002bc5   Thumb Code    66  heap_4.o(i.prvHeapInit)
    i.prvIdleTask                            0x08002c10   Section        0  tasks.o(i.prvIdleTask)
    prvIdleTask                              0x08002c11   Thumb Code    82  tasks.o(i.prvIdleTask)
    i.prvInitialiseNewQueue                  0x08002c70   Section        0  queue.o(i.prvInitialiseNewQueue)
    prvInitialiseNewQueue                    0x08002c71   Thumb Code    34  queue.o(i.prvInitialiseNewQueue)
    i.prvInitialiseNewTask                   0x08002c92   Section        0  tasks.o(i.prvInitialiseNewTask)
    prvInitialiseNewTask                     0x08002c93   Thumb Code   156  tasks.o(i.prvInitialiseNewTask)
    i.prvInsertBlockIntoFreeList             0x08002d30   Section        0  heap_4.o(i.prvInsertBlockIntoFreeList)
    prvInsertBlockIntoFreeList               0x08002d31   Thumb Code    72  heap_4.o(i.prvInsertBlockIntoFreeList)
    i.prvInsertTimerInActiveList             0x08002d7c   Section        0  timers.o(i.prvInsertTimerInActiveList)
    prvInsertTimerInActiveList               0x08002d7d   Thumb Code    52  timers.o(i.prvInsertTimerInActiveList)
    i.prvIsQueueEmpty                        0x08002db4   Section        0  queue.o(i.prvIsQueueEmpty)
    prvIsQueueEmpty                          0x08002db5   Thumb Code    28  queue.o(i.prvIsQueueEmpty)
    i.prvProcessReceivedCommands             0x08002dd0   Section        0  timers.o(i.prvProcessReceivedCommands)
    prvProcessReceivedCommands               0x08002dd1   Thumb Code   198  timers.o(i.prvProcessReceivedCommands)
    i.prvProcessTimerOrBlockTask             0x08002e9c   Section        0  timers.o(i.prvProcessTimerOrBlockTask)
    prvProcessTimerOrBlockTask               0x08002e9d   Thumb Code   172  timers.o(i.prvProcessTimerOrBlockTask)
    i.prvResetNextTaskUnblockTime            0x08002f50   Section        0  tasks.o(i.prvResetNextTaskUnblockTime)
    prvResetNextTaskUnblockTime              0x08002f51   Thumb Code    26  tasks.o(i.prvResetNextTaskUnblockTime)
    i.prvSampleTimeNow                       0x08002f70   Section        0  timers.o(i.prvSampleTimeNow)
    prvSampleTimeNow                         0x08002f71   Thumb Code    36  timers.o(i.prvSampleTimeNow)
    i.prvSwitchTimerLists                    0x08002f98   Section        0  timers.o(i.prvSwitchTimerLists)
    prvSwitchTimerLists                      0x08002f99   Thumb Code   102  timers.o(i.prvSwitchTimerLists)
    i.prvTaskExitError                       0x08003004   Section        0  port.o(i.prvTaskExitError)
    prvTaskExitError                         0x08003005   Thumb Code    36  port.o(i.prvTaskExitError)
    i.prvTimerTask                           0x0800302c   Section        0  timers.o(i.prvTimerTask)
    prvTimerTask                             0x0800302d   Thumb Code    32  timers.o(i.prvTimerTask)
    i.prvUnlockQueue                         0x08003050   Section        0  queue.o(i.prvUnlockQueue)
    prvUnlockQueue                           0x08003051   Thumb Code   106  queue.o(i.prvUnlockQueue)
    i.pvPortMalloc                           0x080030bc   Section        0  heap_4.o(i.pvPortMalloc)
    i.pxPortInitialiseStack                  0x08003194   Section        0  port.o(i.pxPortInitialiseStack)
    i.uxListRemove                           0x080031b8   Section        0  list.o(i.uxListRemove)
    i.vApplicationGetIdleTaskMemory          0x080031e0   Section        0  cmsis_os2.o(i.vApplicationGetIdleTaskMemory)
    i.vApplicationGetTimerTaskMemory         0x080031f4   Section        0  cmsis_os2.o(i.vApplicationGetTimerTaskMemory)
    i.vListInitialise                        0x0800320c   Section        0  list.o(i.vListInitialise)
    i.vListInitialiseItem                    0x08003222   Section        0  list.o(i.vListInitialiseItem)
    i.vListInsert                            0x08003228   Section        0  list.o(i.vListInsert)
    i.vListInsertEnd                         0x08003258   Section        0  list.o(i.vListInsertEnd)
    i.vPortEnterCritical                     0x08003270   Section        0  port.o(i.vPortEnterCritical)
    i.vPortExitCritical                      0x080032b0   Section        0  port.o(i.vPortExitCritical)
    i.vPortFree                              0x080032d8   Section        0  heap_4.o(i.vPortFree)
    i.vPortSetupTimerInterrupt               0x08003334   Section        0  port.o(i.vPortSetupTimerInterrupt)
    i.vPortValidateInterruptPriority         0x08003358   Section        0  port.o(i.vPortValidateInterruptPriority)
    i.vQueueAddToRegistry                    0x080033ac   Section        0  queue.o(i.vQueueAddToRegistry)
    i.vQueueWaitForMessageRestricted         0x080033d4   Section        0  queue.o(i.vQueueWaitForMessageRestricted)
    i.vTaskDelay                             0x08003418   Section        0  tasks.o(i.vTaskDelay)
    i.vTaskInternalSetTimeOutState           0x08003464   Section        0  tasks.o(i.vTaskInternalSetTimeOutState)
    i.vTaskMissedYield                       0x08003474   Section        0  tasks.o(i.vTaskMissedYield)
    i.vTaskPlaceOnEventList                  0x08003480   Section        0  tasks.o(i.vTaskPlaceOnEventList)
    i.vTaskPlaceOnEventListRestricted        0x080034b0   Section        0  tasks.o(i.vTaskPlaceOnEventListRestricted)
    i.vTaskStartScheduler                    0x080034e8   Section        0  tasks.o(i.vTaskStartScheduler)
    i.vTaskSuspendAll                        0x08003570   Section        0  tasks.o(i.vTaskSuspendAll)
    i.vTaskSwitchContext                     0x08003580   Section        0  tasks.o(i.vTaskSwitchContext)
    i.xPortStartScheduler                    0x080035e4   Section        0  port.o(i.xPortStartScheduler)
    i.xQueueGenericCreateStatic              0x0800368c   Section        0  queue.o(i.xQueueGenericCreateStatic)
    i.xQueueGenericReset                     0x080036f4   Section        0  queue.o(i.xQueueGenericReset)
    i.xQueueGenericSend                      0x0800377c   Section        0  queue.o(i.xQueueGenericSend)
    i.xQueueGenericSendFromISR               0x080038dc   Section        0  queue.o(i.xQueueGenericSendFromISR)
    i.xQueueReceive                          0x08003998   Section        0  queue.o(i.xQueueReceive)
    i.xTaskCheckForTimeOut                   0x08003ad0   Section        0  tasks.o(i.xTaskCheckForTimeOut)
    i.xTaskCreate                            0x08003b44   Section        0  tasks.o(i.xTaskCreate)
    i.xTaskCreateStatic                      0x08003b9e   Section        0  tasks.o(i.xTaskCreateStatic)
    i.xTaskGetSchedulerState                 0x08003bf4   Section        0  tasks.o(i.xTaskGetSchedulerState)
    i.xTaskGetTickCount                      0x08003c10   Section        0  tasks.o(i.xTaskGetTickCount)
    i.xTaskIncrementTick                     0x08003c1c   Section        0  tasks.o(i.xTaskIncrementTick)
    i.xTaskPriorityDisinherit                0x08003ce4   Section        0  tasks.o(i.xTaskPriorityDisinherit)
    i.xTaskRemoveFromEventList               0x08003d64   Section        0  tasks.o(i.xTaskRemoveFromEventList)
    i.xTaskResumeAll                         0x08003dd4   Section        0  tasks.o(i.xTaskResumeAll)
    i.xTimerCreateTimerTask                  0x08003e98   Section        0  timers.o(i.xTimerCreateTimerTask)
    i.xTimerGenericCommand                   0x08003ef8   Section        0  timers.o(i.xTimerGenericCommand)
    .constdata                               0x08003f60   Section      108  freertos.o(.constdata)
    .constdata                               0x08003fcc   Section       18  stm32f1xx_hal_rcc.o(.constdata)
    aPredivFactorTable                       0x08003fcc   Data           2  stm32f1xx_hal_rcc.o(.constdata)
    aPLLMULFactorTable                       0x08003fce   Data          16  stm32f1xx_hal_rcc.o(.constdata)
    .constdata                               0x08003fde   Section       16  system_stm32f1xx.o(.constdata)
    .constdata                               0x08003fee   Section        8  system_stm32f1xx.o(.constdata)
    .constdata                               0x08003ff6   Section      129  ctype_o.o(.constdata)
    .constdata                               0x08004078   Section        4  ctype_o.o(.constdata)
    table                                    0x08004078   Data           4  ctype_o.o(.constdata)
    .conststring                             0x0800407c   Section       32  freertos.o(.conststring)
    .data                                    0x20000000   Section       12  freertos.o(.data)
    .data                                    0x2000000c   Section       12  stm32f1xx_hal.o(.data)
    .data                                    0x20000018   Section        4  system_stm32f1xx.o(.data)
    .data                                    0x2000001c   Section       60  tasks.o(.data)
    pxDelayedTaskList                        0x20000020   Data           4  tasks.o(.data)
    pxOverflowDelayedTaskList                0x20000024   Data           4  tasks.o(.data)
    uxDeletedTasksWaitingCleanUp             0x20000028   Data           4  tasks.o(.data)
    uxCurrentNumberOfTasks                   0x2000002c   Data           4  tasks.o(.data)
    xTickCount                               0x20000030   Data           4  tasks.o(.data)
    uxTopReadyPriority                       0x20000034   Data           4  tasks.o(.data)
    xSchedulerRunning                        0x20000038   Data           4  tasks.o(.data)
    uxPendedTicks                            0x2000003c   Data           4  tasks.o(.data)
    xYieldPending                            0x20000040   Data           4  tasks.o(.data)
    xNumOfOverflows                          0x20000044   Data           4  tasks.o(.data)
    uxTaskNumber                             0x20000048   Data           4  tasks.o(.data)
    xNextTaskUnblockTime                     0x2000004c   Data           4  tasks.o(.data)
    xIdleTaskHandle                          0x20000050   Data           4  tasks.o(.data)
    uxSchedulerSuspended                     0x20000054   Data           4  tasks.o(.data)
    .data                                    0x20000058   Section       20  timers.o(.data)
    pxCurrentTimerList                       0x20000058   Data           4  timers.o(.data)
    pxOverflowTimerList                      0x2000005c   Data           4  timers.o(.data)
    xTimerQueue                              0x20000060   Data           4  timers.o(.data)
    xTimerTaskHandle                         0x20000064   Data           4  timers.o(.data)
    xLastTime                                0x20000068   Data           4  timers.o(.data)
    .data                                    0x2000006c   Section        4  cmsis_os2.o(.data)
    KernelState                              0x2000006c   Data           4  cmsis_os2.o(.data)
    .data                                    0x20000070   Section       24  heap_4.o(.data)
    pxEnd                                    0x20000070   Data           4  heap_4.o(.data)
    xFreeBytesRemaining                      0x20000074   Data           4  heap_4.o(.data)
    xMinimumEverFreeBytesRemaining           0x20000078   Data           4  heap_4.o(.data)
    xBlockAllocatedBit                       0x2000007c   Data           4  heap_4.o(.data)
    xStart                                   0x20000080   Data           8  heap_4.o(.data)
    .data                                    0x20000088   Section       12  port.o(.data)
    ucMaxSysCallPriority                     0x20000088   Data           1  port.o(.data)
    uxCriticalNesting                        0x2000008c   Data           4  port.o(.data)
    ulMaxPRIGROUPValue                       0x20000090   Data           4  port.o(.data)
    .data                                    0x20000094   Section       68  user_foc_uart.o(.data)
    i                                        0x20000094   Data           4  user_foc_uart.o(.data)
    dirflag                                  0x20000098   Data           4  user_foc_uart.o(.data)
    Motor0_PosCommand_Table                  0x2000009c   Data          30  user_foc_uart.o(.data)
    Motor0_VelCommand_Table                  0x200000ba   Data          30  user_foc_uart.o(.data)
    .data                                    0x200000d8   Section        4  user_tasks.o(.data)
    .data                                    0x200000dc   Section        4  errno.o(.data)
    _errno                                   0x200000dc   Data           4  errno.o(.data)
    .bss                                     0x200000e0   Section      208  usart.o(.bss)
    .bss                                     0x200001b0   Section       72  stm32f1xx_hal_timebase_tim.o(.bss)
    .bss                                     0x200001f8   Section       64  queue.o(.bss)
    .bss                                     0x20000238   Section     1220  tasks.o(.bss)
    pxReadyTasksLists                        0x20000238   Data        1120  tasks.o(.bss)
    xDelayedTaskList1                        0x20000698   Data          20  tasks.o(.bss)
    xDelayedTaskList2                        0x200006ac   Data          20  tasks.o(.bss)
    xPendingReadyList                        0x200006c0   Data          20  tasks.o(.bss)
    xTasksWaitingTermination                 0x200006d4   Data          20  tasks.o(.bss)
    xSuspendedTaskList                       0x200006e8   Data          20  tasks.o(.bss)
    .bss                                     0x200006fc   Section      280  timers.o(.bss)
    xActiveTimerList1                        0x200006fc   Data          20  timers.o(.bss)
    xActiveTimerList2                        0x20000710   Data          20  timers.o(.bss)
    xStaticTimerQueue                        0x20000724   Data          80  timers.o(.bss)
    ucStaticTimerQueueStorage                0x20000774   Data         160  timers.o(.bss)
    .bss                                     0x20000814   Section     1720  cmsis_os2.o(.bss)
    Idle_TCB                                 0x20000814   Data          92  cmsis_os2.o(.bss)
    Idle_Stack                               0x20000870   Data         512  cmsis_os2.o(.bss)
    Timer_TCB                                0x20000a70   Data          92  cmsis_os2.o(.bss)
    Timer_Stack                              0x20000acc   Data        1024  cmsis_os2.o(.bss)
    .bss                                     0x20000ecc   Section    15360  heap_4.o(.bss)
    ucHeap                                   0x20000ecc   Data       15360  heap_4.o(.bss)
    .bss                                     0x20004acc   Section      192  user_foc_uart.o(.bss)
    pos_buf                                  0x20004acc   Data          20  user_foc_uart.o(.bss)
    STACK                                    0x20004b90   Section     1024  startup_stm32f103xb.o(STACK)

    Global Symbols

    Symbol Name                              Value     Ov Type        Size  Object(Section)

    BuildAttributes$$THM_ISAv4$P$D$K$B$S$PE$A:L22UL41UL21$X:L11$S22US41US21$IEEE1$IW$USESV6$~STKCKD$USESV7$~SHL$OTIME$ROPI$IEEEJ$EBA8$MICROLIB$REQ8$PRES8$EABIv2 0x00000000   Number         0  anon$$obj.o ABSOLUTE
    __ARM_use_no_argv                        0x00000000   Number         0  main.o ABSOLUTE
    _printf_a                                0x00000000   Number         0  stubs.o ABSOLUTE
    _printf_c                                0x00000000   Number         0  stubs.o ABSOLUTE
    _printf_charcount                        0x00000000   Number         0  stubs.o ABSOLUTE
    _printf_d                                0x00000000   Number         0  stubs.o ABSOLUTE
    _printf_e                                0x00000000   Number         0  stubs.o ABSOLUTE
    _printf_f                                0x00000000   Number         0  stubs.o ABSOLUTE
    _printf_flags                            0x00000000   Number         0  stubs.o ABSOLUTE
    _printf_fp_dec                           0x00000000   Number         0  stubs.o ABSOLUTE
    _printf_fp_hex                           0x00000000   Number         0  stubs.o ABSOLUTE
    _printf_g                                0x00000000   Number         0  stubs.o ABSOLUTE
    _printf_i                                0x00000000   Number         0  stubs.o ABSOLUTE
    _printf_int_dec                          0x00000000   Number         0  stubs.o ABSOLUTE
    _printf_l                                0x00000000   Number         0  stubs.o ABSOLUTE
    _printf_lc                               0x00000000   Number         0  stubs.o ABSOLUTE
    _printf_ll                               0x00000000   Number         0  stubs.o ABSOLUTE
    _printf_lld                              0x00000000   Number         0  stubs.o ABSOLUTE
    _printf_lli                              0x00000000   Number         0  stubs.o ABSOLUTE
    _printf_llo                              0x00000000   Number         0  stubs.o ABSOLUTE
    _printf_llu                              0x00000000   Number         0  stubs.o ABSOLUTE
    _printf_llx                              0x00000000   Number         0  stubs.o ABSOLUTE
    _printf_longlong_dec                     0x00000000   Number         0  stubs.o ABSOLUTE
    _printf_longlong_hex                     0x00000000   Number         0  stubs.o ABSOLUTE
    _printf_longlong_oct                     0x00000000   Number         0  stubs.o ABSOLUTE
    _printf_ls                               0x00000000   Number         0  stubs.o ABSOLUTE
    _printf_mbtowc                           0x00000000   Number         0  stubs.o ABSOLUTE
    _printf_n                                0x00000000   Number         0  stubs.o ABSOLUTE
    _printf_o                                0x00000000   Number         0  stubs.o ABSOLUTE
    _printf_p                                0x00000000   Number         0  stubs.o ABSOLUTE
    _printf_percent                          0x00000000   Number         0  stubs.o ABSOLUTE
    _printf_pre_padding                      0x00000000   Number         0  stubs.o ABSOLUTE
    _printf_return_value                     0x00000000   Number         0  stubs.o ABSOLUTE
    _printf_s                                0x00000000   Number         0  stubs.o ABSOLUTE
    _printf_sizespec                         0x00000000   Number         0  stubs.o ABSOLUTE
    _printf_str                              0x00000000   Number         0  stubs.o ABSOLUTE
    _printf_truncate_signed                  0x00000000   Number         0  stubs.o ABSOLUTE
    _printf_truncate_unsigned                0x00000000   Number         0  stubs.o ABSOLUTE
    _printf_u                                0x00000000   Number         0  stubs.o ABSOLUTE
    _printf_wc                               0x00000000   Number         0  stubs.o ABSOLUTE
    _printf_wctomb                           0x00000000   Number         0  stubs.o ABSOLUTE
    _printf_widthprec                        0x00000000   Number         0  stubs.o ABSOLUTE
    _printf_x                                0x00000000   Number         0  stubs.o ABSOLUTE
    __cpp_initialize__aeabi_                  - Undefined Weak Reference
    __cxa_finalize                            - Undefined Weak Reference
    __decompress                              - Undefined Weak Reference
    _clock_init                               - Undefined Weak Reference
    _microlib_exit                            - Undefined Weak Reference
    __Vectors_Size                           0x000000ec   Number         0  startup_stm32f103xb.o ABSOLUTE
    __Vectors                                0x08000000   Data           4  startup_stm32f103xb.o(RESET)
    __Vectors_End                            0x080000ec   Data           0  startup_stm32f103xb.o(RESET)
    __main                                   0x080000ed   Thumb Code     0  entry.o(.ARM.Collect$$$$00000000)
    _main_stk                                0x080000ed   Thumb Code     0  entry2.o(.ARM.Collect$$$$00000001)
    _main_scatterload                        0x080000f1   Thumb Code     0  entry5.o(.ARM.Collect$$$$00000004)
    __main_after_scatterload                 0x080000f5   Thumb Code     0  entry5.o(.ARM.Collect$$$$00000004)
    _main_clock                              0x080000f5   Thumb Code     0  entry7b.o(.ARM.Collect$$$$00000008)
    _main_cpp_init                           0x080000f5   Thumb Code     0  entry8b.o(.ARM.Collect$$$$0000000A)
    _main_init                               0x080000f5   Thumb Code     0  entry9a.o(.ARM.Collect$$$$0000000B)
    __rt_final_cpp                           0x080000fd   Thumb Code     0  entry10a.o(.ARM.Collect$$$$0000000D)
    __rt_final_exit                          0x080000fd   Thumb Code     0  entry11a.o(.ARM.Collect$$$$0000000F)
    SVC_Handler                              0x08000101   Thumb Code    32  port.o(.emb_text)
    __asm___6_port_c_39a90d8d__prvStartFirstTask 0x08000125   Thumb Code    28  port.o(.emb_text)
    PendSV_Handler                           0x08000145   Thumb Code    72  port.o(.emb_text)
    vPortGetIPSR                             0x08000191   Thumb Code     6  port.o(.emb_text)
    Reset_Handler                            0x08000199   Thumb Code     8  startup_stm32f103xb.o(.text)
    ADC1_2_IRQHandler                        0x080001b3   Thumb Code     0  startup_stm32f103xb.o(.text)
    CAN1_RX1_IRQHandler                      0x080001b3   Thumb Code     0  startup_stm32f103xb.o(.text)
    CAN1_SCE_IRQHandler                      0x080001b3   Thumb Code     0  startup_stm32f103xb.o(.text)
    DMA1_Channel1_IRQHandler                 0x080001b3   Thumb Code     0  startup_stm32f103xb.o(.text)
    DMA1_Channel2_IRQHandler                 0x080001b3   Thumb Code     0  startup_stm32f103xb.o(.text)
    DMA1_Channel3_IRQHandler                 0x080001b3   Thumb Code     0  startup_stm32f103xb.o(.text)
    DMA1_Channel6_IRQHandler                 0x080001b3   Thumb Code     0  startup_stm32f103xb.o(.text)
    DMA1_Channel7_IRQHandler                 0x080001b3   Thumb Code     0  startup_stm32f103xb.o(.text)
    EXTI0_IRQHandler                         0x080001b3   Thumb Code     0  startup_stm32f103xb.o(.text)
    EXTI15_10_IRQHandler                     0x080001b3   Thumb Code     0  startup_stm32f103xb.o(.text)
    EXTI1_IRQHandler                         0x080001b3   Thumb Code     0  startup_stm32f103xb.o(.text)
    EXTI2_IRQHandler                         0x080001b3   Thumb Code     0  startup_stm32f103xb.o(.text)
    EXTI3_IRQHandler                         0x080001b3   Thumb Code     0  startup_stm32f103xb.o(.text)
    EXTI4_IRQHandler                         0x080001b3   Thumb Code     0  startup_stm32f103xb.o(.text)
    EXTI9_5_IRQHandler                       0x080001b3   Thumb Code     0  startup_stm32f103xb.o(.text)
    FLASH_IRQHandler                         0x080001b3   Thumb Code     0  startup_stm32f103xb.o(.text)
    I2C1_ER_IRQHandler                       0x080001b3   Thumb Code     0  startup_stm32f103xb.o(.text)
    I2C1_EV_IRQHandler                       0x080001b3   Thumb Code     0  startup_stm32f103xb.o(.text)
    I2C2_ER_IRQHandler                       0x080001b3   Thumb Code     0  startup_stm32f103xb.o(.text)
    I2C2_EV_IRQHandler                       0x080001b3   Thumb Code     0  startup_stm32f103xb.o(.text)
    PVD_IRQHandler                           0x080001b3   Thumb Code     0  startup_stm32f103xb.o(.text)
    RCC_IRQHandler                           0x080001b3   Thumb Code     0  startup_stm32f103xb.o(.text)
    RTC_Alarm_IRQHandler                     0x080001b3   Thumb Code     0  startup_stm32f103xb.o(.text)
    RTC_IRQHandler                           0x080001b3   Thumb Code     0  startup_stm32f103xb.o(.text)
    SPI1_IRQHandler                          0x080001b3   Thumb Code     0  startup_stm32f103xb.o(.text)
    SPI2_IRQHandler                          0x080001b3   Thumb Code     0  startup_stm32f103xb.o(.text)
    TAMPER_IRQHandler                        0x080001b3   Thumb Code     0  startup_stm32f103xb.o(.text)
    TIM1_BRK_IRQHandler                      0x080001b3   Thumb Code     0  startup_stm32f103xb.o(.text)
    TIM1_CC_IRQHandler                       0x080001b3   Thumb Code     0  startup_stm32f103xb.o(.text)
    TIM1_TRG_COM_IRQHandler                  0x080001b3   Thumb Code     0  startup_stm32f103xb.o(.text)
    TIM1_UP_IRQHandler                       0x080001b3   Thumb Code     0  startup_stm32f103xb.o(.text)
    TIM2_IRQHandler                          0x080001b3   Thumb Code     0  startup_stm32f103xb.o(.text)
    TIM3_IRQHandler                          0x080001b3   Thumb Code     0  startup_stm32f103xb.o(.text)
    USART2_IRQHandler                        0x080001b3   Thumb Code     0  startup_stm32f103xb.o(.text)
    USART3_IRQHandler                        0x080001b3   Thumb Code     0  startup_stm32f103xb.o(.text)
    USBWakeUp_IRQHandler                     0x080001b3   Thumb Code     0  startup_stm32f103xb.o(.text)
    USB_HP_CAN1_TX_IRQHandler                0x080001b3   Thumb Code     0  startup_stm32f103xb.o(.text)
    USB_LP_CAN1_RX0_IRQHandler               0x080001b3   Thumb Code     0  startup_stm32f103xb.o(.text)
    WWDG_IRQHandler                          0x080001b3   Thumb Code     0  startup_stm32f103xb.o(.text)
    __aeabi_llsr                             0x080001bd   Thumb Code    32  llushr.o(.text)
    _ll_ushift_r                             0x080001bd   Thumb Code     0  llushr.o(.text)
    __rt_ctype_table                         0x080001dd   Thumb Code     4  ctype_o.o(.text)
    isspace                                  0x080001e5   Thumb Code    18  isspace_o.o(.text)
    __aeabi_memcpy                           0x080001f7   Thumb Code    36  memcpya.o(.text)
    __aeabi_memcpy4                          0x080001f7   Thumb Code     0  memcpya.o(.text)
    __aeabi_memcpy8                          0x080001f7   Thumb Code     0  memcpya.o(.text)
    __aeabi_memset                           0x0800021b   Thumb Code    14  memseta.o(.text)
    __aeabi_memset4                          0x0800021b   Thumb Code     0  memseta.o(.text)
    __aeabi_memset8                          0x0800021b   Thumb Code     0  memseta.o(.text)
    __aeabi_memclr                           0x08000229   Thumb Code     4  memseta.o(.text)
    __aeabi_memclr4                          0x08000229   Thumb Code     0  memseta.o(.text)
    __aeabi_memclr8                          0x08000229   Thumb Code     0  memseta.o(.text)
    memset                                   0x0800022d   Thumb Code    18  memseta.o(.text)
    __aeabi_d2f                              0x0800023f   Thumb Code    56  d2f.o(.text)
    __aeabi_uidiv                            0x08000277   Thumb Code     0  uidiv.o(.text)
    __aeabi_uidivmod                         0x08000277   Thumb Code    44  uidiv.o(.text)
    __strtod_int                             0x080002db   Thumb Code    90  strtod.o(.text)
    __I$use$fp                               0x08000341   Thumb Code     0  iusefp.o(.text)
    _float_round                             0x08000341   Thumb Code    18  fepilogue.o(.text)
    _float_epilogue                          0x08000353   Thumb Code    92  fepilogue.o(.text)
    __aeabi_dmul                             0x080003af   Thumb Code   228  dmul.o(.text)
    __aeabi_ddiv                             0x08000493   Thumb Code   222  ddiv.o(.text)
    __scatterload                            0x08000571   Thumb Code    28  init.o(.text)
    __scatterload_rt2                        0x08000571   Thumb Code     0  init.o(.text)
    __aeabi_llsl                             0x08000595   Thumb Code    30  llshl.o(.text)
    _ll_shift_l                              0x08000595   Thumb Code     0  llshl.o(.text)
    _scanf_real                              0x080006dd   Thumb Code     0  scanf_fp.o(.text)
    _scanf_really_real                       0x080006dd   Thumb Code   556  scanf_fp.o(.text)
    _sgetc                                   0x08000915   Thumb Code    30  _sgetc.o(.text)
    _sbackspace                              0x08000933   Thumb Code    34  _sgetc.o(.text)
    _double_round                            0x08000955   Thumb Code    30  depilogue.o(.text)
    _double_epilogue                         0x08000973   Thumb Code   156  depilogue.o(.text)
    __aeabi_ul2d                             0x08000a0f   Thumb Code    24  dfltul.o(.text)
    BusFault_Handler                         0x08000a27   Thumb Code     2  stm32f1xx_it.o(i.BusFault_Handler)
    DMA1_Channel4_IRQHandler                 0x08000a29   Thumb Code     6  stm32f1xx_it.o(i.DMA1_Channel4_IRQHandler)
    DMA1_Channel5_IRQHandler                 0x08000a35   Thumb Code     6  stm32f1xx_it.o(i.DMA1_Channel5_IRQHandler)
    DebugMon_Handler                         0x08000a6b   Thumb Code     2  stm32f1xx_it.o(i.DebugMon_Handler)
    Error_Handler                            0x08000a6d   Thumb Code     4  main.o(i.Error_Handler)
    HAL_DMA_Abort                            0x08000a71   Thumb Code    70  stm32f1xx_hal_dma.o(i.HAL_DMA_Abort)
    HAL_DMA_Abort_IT                         0x08000ab9   Thumb Code   148  stm32f1xx_hal_dma.o(i.HAL_DMA_Abort_IT)
    HAL_DMA_IRQHandler                       0x08000b51   Thumb Code   316  stm32f1xx_hal_dma.o(i.HAL_DMA_IRQHandler)
    HAL_DMA_Init                             0x08000ca5   Thumb Code    84  stm32f1xx_hal_dma.o(i.HAL_DMA_Init)
    HAL_DMA_Start_IT                         0x08000d01   Thumb Code   112  stm32f1xx_hal_dma.o(i.HAL_DMA_Start_IT)
    HAL_GPIO_Init                            0x08000d71   Thumb Code   446  stm32f1xx_hal_gpio.o(i.HAL_GPIO_Init)
    HAL_GetTick                              0x08000f51   Thumb Code     6  stm32f1xx_hal.o(i.HAL_GetTick)
    HAL_IncTick                              0x08000f5d   Thumb Code    12  stm32f1xx_hal.o(i.HAL_IncTick)
    HAL_Init                                 0x08000f6d   Thumb Code    32  stm32f1xx_hal.o(i.HAL_Init)
    HAL_InitTick                             0x08000f91   Thumb Code   132  stm32f1xx_hal_timebase_tim.o(i.HAL_InitTick)
    HAL_MspInit                              0x08001029   Thumb Code    62  stm32f1xx_hal_msp.o(i.HAL_MspInit)
    HAL_NVIC_EnableIRQ                       0x08001071   Thumb Code    26  stm32f1xx_hal_cortex.o(i.HAL_NVIC_EnableIRQ)
    HAL_NVIC_SetPriority                     0x0800108d   Thumb Code    60  stm32f1xx_hal_cortex.o(i.HAL_NVIC_SetPriority)
    HAL_NVIC_SetPriorityGrouping             0x080010cd   Thumb Code    26  stm32f1xx_hal_cortex.o(i.HAL_NVIC_SetPriorityGrouping)
    HAL_RCC_ClockConfig                      0x080010f1   Thumb Code   280  stm32f1xx_hal_rcc.o(i.HAL_RCC_ClockConfig)
    HAL_RCC_GetClockConfig                   0x0800121d   Thumb Code    54  stm32f1xx_hal_rcc.o(i.HAL_RCC_GetClockConfig)
    HAL_RCC_GetPCLK1Freq                     0x0800125d   Thumb Code    20  stm32f1xx_hal_rcc.o(i.HAL_RCC_GetPCLK1Freq)
    HAL_RCC_GetPCLK2Freq                     0x0800127d   Thumb Code    20  stm32f1xx_hal_rcc.o(i.HAL_RCC_GetPCLK2Freq)
    HAL_RCC_GetSysClockFreq                  0x0800129d   Thumb Code    58  stm32f1xx_hal_rcc.o(i.HAL_RCC_GetSysClockFreq)
    HAL_RCC_OscConfig                        0x080012e9   Thumb Code   778  stm32f1xx_hal_rcc.o(i.HAL_RCC_OscConfig)
    HAL_TIMEx_BreakCallback                  0x08001609   Thumb Code     2  stm32f1xx_hal_tim_ex.o(i.HAL_TIMEx_BreakCallback)
    HAL_TIMEx_CommutCallback                 0x0800160b   Thumb Code     2  stm32f1xx_hal_tim_ex.o(i.HAL_TIMEx_CommutCallback)
    HAL_TIM_Base_Init                        0x0800160d   Thumb Code    90  stm32f1xx_hal_tim.o(i.HAL_TIM_Base_Init)
    HAL_TIM_Base_MspInit                     0x08001667   Thumb Code     2  stm32f1xx_hal_tim.o(i.HAL_TIM_Base_MspInit)
    HAL_TIM_Base_Start_IT                    0x08001669   Thumb Code    76  stm32f1xx_hal_tim.o(i.HAL_TIM_Base_Start_IT)
    HAL_TIM_IC_CaptureCallback               0x080016c1   Thumb Code     2  stm32f1xx_hal_tim.o(i.HAL_TIM_IC_CaptureCallback)
    HAL_TIM_IRQHandler                       0x080016c3   Thumb Code   358  stm32f1xx_hal_tim.o(i.HAL_TIM_IRQHandler)
    HAL_TIM_OC_DelayElapsedCallback          0x08001829   Thumb Code     2  stm32f1xx_hal_tim.o(i.HAL_TIM_OC_DelayElapsedCallback)
    HAL_TIM_PWM_PulseFinishedCallback        0x0800182b   Thumb Code     2  stm32f1xx_hal_tim.o(i.HAL_TIM_PWM_PulseFinishedCallback)
    HAL_TIM_PeriodElapsedCallback            0x0800182d   Thumb Code    14  main.o(i.HAL_TIM_PeriodElapsedCallback)
    HAL_TIM_TriggerCallback                  0x08001841   Thumb Code     2  stm32f1xx_hal_tim.o(i.HAL_TIM_TriggerCallback)
    HAL_UARTEx_RxEventCallback               0x08001843   Thumb Code     2  stm32f1xx_hal_uart.o(i.HAL_UARTEx_RxEventCallback)
    HAL_UART_DMAStop                         0x08001845   Thumb Code   112  stm32f1xx_hal_uart.o(i.HAL_UART_DMAStop)
    HAL_UART_ErrorCallback                   0x080018b5   Thumb Code     2  stm32f1xx_hal_uart.o(i.HAL_UART_ErrorCallback)
    HAL_UART_IRQHandler                      0x080018b9   Thumb Code   616  stm32f1xx_hal_uart.o(i.HAL_UART_IRQHandler)
    HAL_UART_Init                            0x08001b25   Thumb Code   100  stm32f1xx_hal_uart.o(i.HAL_UART_Init)
    HAL_UART_MspInit                         0x08001b89   Thumb Code   208  usart.o(i.HAL_UART_MspInit)
    HAL_UART_Receive_DMA                     0x08001c6d   Thumb Code    28  stm32f1xx_hal_uart.o(i.HAL_UART_Receive_DMA)
    HAL_UART_RxCpltCallback                  0x08001c89   Thumb Code     2  stm32f1xx_hal_uart.o(i.HAL_UART_RxCpltCallback)
    HAL_UART_RxHalfCpltCallback              0x08001c8b   Thumb Code     2  stm32f1xx_hal_uart.o(i.HAL_UART_RxHalfCpltCallback)
    HAL_UART_Transmit_DMA                    0x08001c8d   Thumb Code   106  stm32f1xx_hal_uart.o(i.HAL_UART_Transmit_DMA)
    HAL_UART_TxCpltCallback                  0x08001d05   Thumb Code     2  stm32f1xx_hal_uart.o(i.HAL_UART_TxCpltCallback)
    HAL_UART_TxHalfCpltCallback              0x08001d07   Thumb Code     2  stm32f1xx_hal_uart.o(i.HAL_UART_TxHalfCpltCallback)
    HardFault_Handler                        0x08001d09   Thumb Code     2  stm32f1xx_it.o(i.HardFault_Handler)
    MX_DMA_Init                              0x08001d0d   Thumb Code    56  dma.o(i.MX_DMA_Init)
    MX_FREERTOS_Init                         0x08001d49   Thumb Code    46  freertos.o(i.MX_FREERTOS_Init)
    MX_GPIO_Init                             0x08001d8d   Thumb Code    38  gpio.o(i.MX_GPIO_Init)
    MX_USART1_UART_Init                      0x08001db9   Thumb Code    48  usart.o(i.MX_USART1_UART_Init)
    MemManage_Handler                        0x08001df1   Thumb Code     2  stm32f1xx_it.o(i.MemManage_Handler)
    NMI_Handler                              0x08001df3   Thumb Code     2  stm32f1xx_it.o(i.NMI_Handler)
    StartTaskHigh                            0x08001df5   Thumb Code    42  user_tasks.o(i.StartTaskHigh)
    StartTaskLow                             0x08001e29   Thumb Code     8  user_tasks.o(i.StartTaskLow)
    StartTaskNormal                          0x08001e31   Thumb Code    12  user_tasks.o(i.StartTaskNormal)
    SysTick_Handler                          0x08001e3d   Thumb Code    38  port.o(i.SysTick_Handler)
    SystemClock_Config                       0x08001e69   Thumb Code    94  main.o(i.SystemClock_Config)
    SystemInit                               0x08001ec7   Thumb Code     2  system_stm32f1xx.o(i.SystemInit)
    TIM4_IRQHandler                          0x08001ec9   Thumb Code     6  stm32f1xx_it.o(i.TIM4_IRQHandler)
    TIM_Base_SetConfig                       0x08001ed5   Thumb Code    94  stm32f1xx_hal_tim.o(i.TIM_Base_SetConfig)
    UART_Start_Receive_DMA                   0x08002271   Thumb Code   130  stm32f1xx_hal_uart.o(i.UART_Start_Receive_DMA)
    USART1_IRQHandler                        0x08002301   Thumb Code    16  stm32f1xx_it.o(i.USART1_IRQHandler)
    UsageFault_Handler                       0x08002315   Thumb Code     2  stm32f1xx_it.o(i.UsageFault_Handler)
    User_CommFOCDataParas                    0x08002319   Thumb Code   148  user_foc_uart.o(i.User_CommFOCDataParas)
    User_CommFOCIRQHandler                   0x080023b1   Thumb Code    70  user_foc_uart.o(i.User_CommFOCIRQHandler)
    User_CommFOCInit                         0x08002405   Thumb Code    42  user_foc_uart.o(i.User_CommFOCInit)
    User_CommFOCRecTask                      0x08002439   Thumb Code   126  user_foc_uart.o(i.User_CommFOCRecTask)
    User_CommFOCSendTask                     0x080024c5   Thumb Code    70  user_foc_uart.o(i.User_CommFOCSendTask)
    User_Init                                0x08002529   Thumb Code    12  user_tasks.o(i.User_Init)
    __0sprintf$3                             0x08002535   Thumb Code    34  printf3.o(i.__0sprintf$3)
    __1sprintf$3                             0x08002535   Thumb Code     0  printf3.o(i.__0sprintf$3)
    __2sprintf                               0x08002535   Thumb Code     0  printf3.o(i.__0sprintf$3)
    __read_errno                             0x0800257d   Thumb Code     6  errno.o(i.__read_errno)
    __scatterload_copy                       0x08002589   Thumb Code    14  handlers.o(i.__scatterload_copy)
    __scatterload_null                       0x08002597   Thumb Code     2  handlers.o(i.__scatterload_null)
    __scatterload_zeroinit                   0x08002599   Thumb Code    14  handlers.o(i.__scatterload_zeroinit)
    __set_errno                              0x080025a9   Thumb Code     6  errno.o(i.__set_errno)
    _is_digit                                0x080025b5   Thumb Code    14  scanf_fp.o(i._is_digit)
    atof                                     0x08002787   Thumb Code    42  atof.o(i.atof)
    is_valid_atof_format                     0x080027b1   Thumb Code    86  user_foc_uart.o(i.is_valid_atof_format)
    main                                     0x08002807   Thumb Code    34  main.o(i.main)
    osDelay                                  0x08002829   Thumb Code    46  cmsis_os2.o(i.osDelay)
    osKernelInitialize                       0x0800285d   Thumb Code    50  cmsis_os2.o(i.osKernelInitialize)
    osKernelStart                            0x08002895   Thumb Code    58  cmsis_os2.o(i.osKernelStart)
    osThreadNew                              0x080028d5   Thumb Code   160  cmsis_os2.o(i.osThreadNew)
    pvPortMalloc                             0x080030bd   Thumb Code   210  heap_4.o(i.pvPortMalloc)
    pxPortInitialiseStack                    0x08003195   Thumb Code    32  port.o(i.pxPortInitialiseStack)
    uxListRemove                             0x080031b9   Thumb Code    38  list.o(i.uxListRemove)
    vApplicationGetIdleTaskMemory            0x080031e1   Thumb Code    16  cmsis_os2.o(i.vApplicationGetIdleTaskMemory)
    vApplicationGetTimerTaskMemory           0x080031f5   Thumb Code    18  cmsis_os2.o(i.vApplicationGetTimerTaskMemory)
    vListInitialise                          0x0800320d   Thumb Code    22  list.o(i.vListInitialise)
    vListInitialiseItem                      0x08003223   Thumb Code     6  list.o(i.vListInitialiseItem)
    vListInsert                              0x08003229   Thumb Code    48  list.o(i.vListInsert)
    vListInsertEnd                           0x08003259   Thumb Code    24  list.o(i.vListInsertEnd)
    vPortEnterCritical                       0x08003271   Thumb Code    54  port.o(i.vPortEnterCritical)
    vPortExitCritical                        0x080032b1   Thumb Code    34  port.o(i.vPortExitCritical)
    vPortFree                                0x080032d9   Thumb Code    88  heap_4.o(i.vPortFree)
    vPortSetupTimerInterrupt                 0x08003335   Thumb Code    32  port.o(i.vPortSetupTimerInterrupt)
    vPortValidateInterruptPriority           0x08003359   Thumb Code    74  port.o(i.vPortValidateInterruptPriority)
    vQueueAddToRegistry                      0x080033ad   Thumb Code    34  queue.o(i.vQueueAddToRegistry)
    vQueueWaitForMessageRestricted           0x080033d5   Thumb Code    68  queue.o(i.vQueueWaitForMessageRestricted)
    vTaskDelay                               0x08003419   Thumb Code    66  tasks.o(i.vTaskDelay)
    vTaskInternalSetTimeOutState             0x08003465   Thumb Code    12  tasks.o(i.vTaskInternalSetTimeOutState)
    vTaskMissedYield                         0x08003475   Thumb Code     8  tasks.o(i.vTaskMissedYield)
    vTaskPlaceOnEventList                    0x08003481   Thumb Code    44  tasks.o(i.vTaskPlaceOnEventList)
    vTaskPlaceOnEventListRestricted          0x080034b1   Thumb Code    52  tasks.o(i.vTaskPlaceOnEventListRestricted)
    vTaskStartScheduler                      0x080034e9   Thumb Code   118  tasks.o(i.vTaskStartScheduler)
    vTaskSuspendAll                          0x08003571   Thumb Code    10  tasks.o(i.vTaskSuspendAll)
    vTaskSwitchContext                       0x08003581   Thumb Code    90  tasks.o(i.vTaskSwitchContext)
    xPortStartScheduler                      0x080035e5   Thumb Code   154  port.o(i.xPortStartScheduler)
    xQueueGenericCreateStatic                0x0800368d   Thumb Code   102  queue.o(i.xQueueGenericCreateStatic)
    xQueueGenericReset                       0x080036f5   Thumb Code   132  queue.o(i.xQueueGenericReset)
    xQueueGenericSend                        0x0800377d   Thumb Code   346  queue.o(i.xQueueGenericSend)
    xQueueGenericSendFromISR                 0x080038dd   Thumb Code   188  queue.o(i.xQueueGenericSendFromISR)
    xQueueReceive                            0x08003999   Thumb Code   308  queue.o(i.xQueueReceive)
    xTaskCheckForTimeOut                     0x08003ad1   Thumb Code   112  tasks.o(i.xTaskCheckForTimeOut)
    xTaskCreate                              0x08003b45   Thumb Code    90  tasks.o(i.xTaskCreate)
    xTaskCreateStatic                        0x08003b9f   Thumb Code    86  tasks.o(i.xTaskCreateStatic)
    xTaskGetSchedulerState                   0x08003bf5   Thumb Code    22  tasks.o(i.xTaskGetSchedulerState)
    xTaskGetTickCount                        0x08003c11   Thumb Code     6  tasks.o(i.xTaskGetTickCount)
    xTaskIncrementTick                       0x08003c1d   Thumb Code   190  tasks.o(i.xTaskIncrementTick)
    xTaskPriorityDisinherit                  0x08003ce5   Thumb Code   118  tasks.o(i.xTaskPriorityDisinherit)
    xTaskRemoveFromEventList                 0x08003d65   Thumb Code    98  tasks.o(i.xTaskRemoveFromEventList)
    xTaskResumeAll                           0x08003dd5   Thumb Code   182  tasks.o(i.xTaskResumeAll)
    xTimerCreateTimerTask                    0x08003e99   Thumb Code    78  timers.o(i.xTimerCreateTimerTask)
    xTimerGenericCommand                     0x08003ef9   Thumb Code    98  timers.o(i.xTimerGenericCommand)
    TaskHigh_attributes                      0x08003f60   Data          36  freertos.o(.constdata)
    TaskLow_attributes                       0x08003f84   Data          36  freertos.o(.constdata)
    TaskNormal_attributes                    0x08003fa8   Data          36  freertos.o(.constdata)
    AHBPrescTable                            0x08003fde   Data          16  system_stm32f1xx.o(.constdata)
    APBPrescTable                            0x08003fee   Data           8  system_stm32f1xx.o(.constdata)
    __ctype_table                            0x08003ff6   Data         129  ctype_o.o(.constdata)
    Region$$Table$$Base                      0x0800409c   Number         0  anon$$obj.o(Region$$Table)
    Region$$Table$$Limit                     0x080040bc   Number         0  anon$$obj.o(Region$$Table)
    TaskHighHandle                           0x20000000   Data           4  freertos.o(.data)
    TaskLowHandle                            0x20000004   Data           4  freertos.o(.data)
    TaskNormalHandle                         0x20000008   Data           4  freertos.o(.data)
    uwTickFreq                               0x2000000c   Data           1  stm32f1xx_hal.o(.data)
    uwTickPrio                               0x20000010   Data           4  stm32f1xx_hal.o(.data)
    uwTick                                   0x20000014   Data           4  stm32f1xx_hal.o(.data)
    SystemCoreClock                          0x20000018   Data           4  system_stm32f1xx.o(.data)
    pxCurrentTCB                             0x2000001c   Data           4  tasks.o(.data)
    cnt                                      0x200000d8   Data           4  user_tasks.o(.data)
    huart1                                   0x200000e0   Data          72  usart.o(.bss)
    hdma_usart1_rx                           0x20000128   Data          68  usart.o(.bss)
    hdma_usart1_tx                           0x2000016c   Data          68  usart.o(.bss)
    htim4                                    0x200001b0   Data          72  stm32f1xx_hal_timebase_tim.o(.bss)
    xQueueRegistry                           0x200001f8   Data          64  queue.o(.bss)
    FOC                                      0x20004ae0   Data         172  user_foc_uart.o(.bss)
    __initial_sp                             0x20004f90   Data           0  startup_stm32f103xb.o(STACK)



==============================================================================

Memory Map of the image

  Image Entry point : 0x080000ed

  Load Region LR_IROM1 (Base: 0x08000000, Size: 0x0000419c, Max: 0x00010000, ABSOLUTE)

    Execution Region ER_IROM1 (Exec base: 0x08000000, Load base: 0x08000000, Size: 0x000040bc, Max: 0x00010000, ABSOLUTE)

    Exec Addr    Load Addr    Size         Type   Attr      Idx    E Section Name        Object

    0x08000000   0x08000000   0x000000ec   Data   RO            3    RESET               startup_stm32f103xb.o
    0x080000ec   0x080000ec   0x00000000   Code   RO         4624  * .ARM.Collect$$$$00000000  mc_w.l(entry.o)
    0x080000ec   0x080000ec   0x00000004   Code   RO         4928    .ARM.Collect$$$$00000001  mc_w.l(entry2.o)
    0x080000f0   0x080000f0   0x00000004   Code   RO         4931    .ARM.Collect$$$$00000004  mc_w.l(entry5.o)
    0x080000f4   0x080000f4   0x00000000   Code   RO         4933    .ARM.Collect$$$$00000008  mc_w.l(entry7b.o)
    0x080000f4   0x080000f4   0x00000000   Code   RO         4935    .ARM.Collect$$$$0000000A  mc_w.l(entry8b.o)
    0x080000f4   0x080000f4   0x00000008   Code   RO         4936    .ARM.Collect$$$$0000000B  mc_w.l(entry9a.o)
    0x080000fc   0x080000fc   0x00000000   Code   RO         4938    .ARM.Collect$$$$0000000D  mc_w.l(entry10a.o)
    0x080000fc   0x080000fc   0x00000000   Code   RO         4940    .ARM.Collect$$$$0000000F  mc_w.l(entry11a.o)
    0x080000fc   0x080000fc   0x00000004   Code   RO         4929    .ARM.Collect$$$$00002712  mc_w.l(entry2.o)
    0x08000100   0x08000100   0x00000096   Code   RO         4406    .emb_text           port.o
    0x08000196   0x08000196   0x00000002   PAD
    0x08000198   0x08000198   0x00000024   Code   RO            4    .text               startup_stm32f103xb.o
    0x080001bc   0x080001bc   0x00000020   Code   RO         4627    .text               mc_w.l(llushr.o)
    0x080001dc   0x080001dc   0x00000008   Code   RO         4629    .text               mc_w.l(ctype_o.o)
    0x080001e4   0x080001e4   0x00000012   Code   RO         4651    .text               mc_w.l(isspace_o.o)
    0x080001f6   0x080001f6   0x00000024   Code   RO         4657    .text               mc_w.l(memcpya.o)
    0x0800021a   0x0800021a   0x00000024   Code   RO         4661    .text               mc_w.l(memseta.o)
    0x0800023e   0x0800023e   0x00000038   Code   RO         4926    .text               mf_w.l(d2f.o)
    0x08000276   0x08000276   0x0000002c   Code   RO         4945    .text               mc_w.l(uidiv.o)
    0x080002a2   0x080002a2   0x00000002   PAD
    0x080002a4   0x080002a4   0x0000009c   Code   RO         4956    .text               mc_w.l(strtod.o)
    0x08000340   0x08000340   0x00000000   Code   RO         4958    .text               mc_w.l(iusefp.o)
    0x08000340   0x08000340   0x0000006e   Code   RO         4959    .text               mf_w.l(fepilogue.o)
    0x080003ae   0x080003ae   0x000000e4   Code   RO         4963    .text               mf_w.l(dmul.o)
    0x08000492   0x08000492   0x000000de   Code   RO         4965    .text               mf_w.l(ddiv.o)
    0x08000570   0x08000570   0x00000024   Code   RO         4971    .text               mc_w.l(init.o)
    0x08000594   0x08000594   0x0000001e   Code   RO         4974    .text               mc_w.l(llshl.o)
    0x080005b2   0x080005b2   0x00000002   PAD
    0x080005b4   0x080005b4   0x00000360   Code   RO         4980    .text               mc_w.l(scanf_fp.o)
    0x08000914   0x08000914   0x00000040   Code   RO         4984    .text               mc_w.l(_sgetc.o)
    0x08000954   0x08000954   0x000000ba   Code   RO         4987    .text               mf_w.l(depilogue.o)
    0x08000a0e   0x08000a0e   0x00000018   Code   RO         4992    .text               mf_w.l(dfltul.o)
    0x08000a26   0x08000a26   0x00000002   Code   RO          331    i.BusFault_Handler  stm32f1xx_it.o
    0x08000a28   0x08000a28   0x0000000c   Code   RO          332    i.DMA1_Channel4_IRQHandler  stm32f1xx_it.o
    0x08000a34   0x08000a34   0x0000000c   Code   RO          333    i.DMA1_Channel5_IRQHandler  stm32f1xx_it.o
    0x08000a40   0x08000a40   0x0000002a   Code   RO          896    i.DMA_SetConfig     stm32f1xx_hal_dma.o
    0x08000a6a   0x08000a6a   0x00000002   Code   RO          334    i.DebugMon_Handler  stm32f1xx_it.o
    0x08000a6c   0x08000a6c   0x00000004   Code   RO           13    i.Error_Handler     main.o
    0x08000a70   0x08000a70   0x00000046   Code   RO          897    i.HAL_DMA_Abort     stm32f1xx_hal_dma.o
    0x08000ab6   0x08000ab6   0x00000002   PAD
    0x08000ab8   0x08000ab8   0x00000098   Code   RO          898    i.HAL_DMA_Abort_IT  stm32f1xx_hal_dma.o
    0x08000b50   0x08000b50   0x00000154   Code   RO          902    i.HAL_DMA_IRQHandler  stm32f1xx_hal_dma.o
    0x08000ca4   0x08000ca4   0x0000005c   Code   RO          903    i.HAL_DMA_Init      stm32f1xx_hal_dma.o
    0x08000d00   0x08000d00   0x00000070   Code   RO          907    i.HAL_DMA_Start_IT  stm32f1xx_hal_dma.o
    0x08000d70   0x08000d70   0x000001e0   Code   RO          833    i.HAL_GPIO_Init     stm32f1xx_hal_gpio.o
    0x08000f50   0x08000f50   0x0000000c   Code   RO          527    i.HAL_GetTick       stm32f1xx_hal.o
    0x08000f5c   0x08000f5c   0x00000010   Code   RO          533    i.HAL_IncTick       stm32f1xx_hal.o
    0x08000f6c   0x08000f6c   0x00000024   Code   RO          534    i.HAL_Init          stm32f1xx_hal.o
    0x08000f90   0x08000f90   0x00000098   Code   RO          441    i.HAL_InitTick      stm32f1xx_hal_timebase_tim.o
    0x08001028   0x08001028   0x00000048   Code   RO          417    i.HAL_MspInit       stm32f1xx_hal_msp.o
    0x08001070   0x08001070   0x0000001a   Code   RO          993    i.HAL_NVIC_EnableIRQ  stm32f1xx_hal_cortex.o
    0x0800108a   0x0800108a   0x00000002   PAD
    0x0800108c   0x0800108c   0x00000040   Code   RO          999    i.HAL_NVIC_SetPriority  stm32f1xx_hal_cortex.o
    0x080010cc   0x080010cc   0x00000024   Code   RO         1000    i.HAL_NVIC_SetPriorityGrouping  stm32f1xx_hal_cortex.o
    0x080010f0   0x080010f0   0x0000012c   Code   RO          691    i.HAL_RCC_ClockConfig  stm32f1xx_hal_rcc.o
    0x0800121c   0x0800121c   0x00000040   Code   RO          695    i.HAL_RCC_GetClockConfig  stm32f1xx_hal_rcc.o
    0x0800125c   0x0800125c   0x00000020   Code   RO          698    i.HAL_RCC_GetPCLK1Freq  stm32f1xx_hal_rcc.o
    0x0800127c   0x0800127c   0x00000020   Code   RO          699    i.HAL_RCC_GetPCLK2Freq  stm32f1xx_hal_rcc.o
    0x0800129c   0x0800129c   0x0000004c   Code   RO          700    i.HAL_RCC_GetSysClockFreq  stm32f1xx_hal_rcc.o
    0x080012e8   0x080012e8   0x00000320   Code   RO          703    i.HAL_RCC_OscConfig  stm32f1xx_hal_rcc.o
    0x08001608   0x08001608   0x00000002   Code   RO         2199    i.HAL_TIMEx_BreakCallback  stm32f1xx_hal_tim_ex.o
    0x0800160a   0x0800160a   0x00000002   Code   RO         2200    i.HAL_TIMEx_CommutCallback  stm32f1xx_hal_tim_ex.o
    0x0800160c   0x0800160c   0x0000005a   Code   RO         1495    i.HAL_TIM_Base_Init  stm32f1xx_hal_tim.o
    0x08001666   0x08001666   0x00000002   Code   RO         1497    i.HAL_TIM_Base_MspInit  stm32f1xx_hal_tim.o
    0x08001668   0x08001668   0x00000058   Code   RO         1500    i.HAL_TIM_Base_Start_IT  stm32f1xx_hal_tim.o
    0x080016c0   0x080016c0   0x00000002   Code   RO         1529    i.HAL_TIM_IC_CaptureCallback  stm32f1xx_hal_tim.o
    0x080016c2   0x080016c2   0x00000166   Code   RO         1543    i.HAL_TIM_IRQHandler  stm32f1xx_hal_tim.o
    0x08001828   0x08001828   0x00000002   Code   RO         1546    i.HAL_TIM_OC_DelayElapsedCallback  stm32f1xx_hal_tim.o
    0x0800182a   0x0800182a   0x00000002   Code   RO         1573    i.HAL_TIM_PWM_PulseFinishedCallback  stm32f1xx_hal_tim.o
    0x0800182c   0x0800182c   0x00000014   Code   RO           14    i.HAL_TIM_PeriodElapsedCallback  main.o
    0x08001840   0x08001840   0x00000002   Code   RO         1586    i.HAL_TIM_TriggerCallback  stm32f1xx_hal_tim.o
    0x08001842   0x08001842   0x00000002   Code   RO         2478    i.HAL_UARTEx_RxEventCallback  stm32f1xx_hal_uart.o
    0x08001844   0x08001844   0x00000070   Code   RO         2490    i.HAL_UART_DMAStop  stm32f1xx_hal_uart.o
    0x080018b4   0x080018b4   0x00000002   Code   RO         2492    i.HAL_UART_ErrorCallback  stm32f1xx_hal_uart.o
    0x080018b6   0x080018b6   0x00000002   PAD
    0x080018b8   0x080018b8   0x0000026c   Code   RO         2495    i.HAL_UART_IRQHandler  stm32f1xx_hal_uart.o
    0x08001b24   0x08001b24   0x00000064   Code   RO         2496    i.HAL_UART_Init     stm32f1xx_hal_uart.o
    0x08001b88   0x08001b88   0x000000e4   Code   RO          290    i.HAL_UART_MspInit  usart.o
    0x08001c6c   0x08001c6c   0x0000001c   Code   RO         2500    i.HAL_UART_Receive_DMA  stm32f1xx_hal_uart.o
    0x08001c88   0x08001c88   0x00000002   Code   RO         2502    i.HAL_UART_RxCpltCallback  stm32f1xx_hal_uart.o
    0x08001c8a   0x08001c8a   0x00000002   Code   RO         2503    i.HAL_UART_RxHalfCpltCallback  stm32f1xx_hal_uart.o
    0x08001c8c   0x08001c8c   0x00000078   Code   RO         2505    i.HAL_UART_Transmit_DMA  stm32f1xx_hal_uart.o
    0x08001d04   0x08001d04   0x00000002   Code   RO         2507    i.HAL_UART_TxCpltCallback  stm32f1xx_hal_uart.o
    0x08001d06   0x08001d06   0x00000002   Code   RO         2508    i.HAL_UART_TxHalfCpltCallback  stm32f1xx_hal_uart.o
    0x08001d08   0x08001d08   0x00000002   Code   RO          335    i.HardFault_Handler  stm32f1xx_it.o
    0x08001d0a   0x08001d0a   0x00000002   PAD
    0x08001d0c   0x08001d0c   0x0000003c   Code   RO          265    i.MX_DMA_Init       dma.o
    0x08001d48   0x08001d48   0x00000044   Code   RO          204    i.MX_FREERTOS_Init  freertos.o
    0x08001d8c   0x08001d8c   0x0000002c   Code   RO          180    i.MX_GPIO_Init      gpio.o
    0x08001db8   0x08001db8   0x00000038   Code   RO          291    i.MX_USART1_UART_Init  usart.o
    0x08001df0   0x08001df0   0x00000002   Code   RO          336    i.MemManage_Handler  stm32f1xx_it.o
    0x08001df2   0x08001df2   0x00000002   Code   RO          337    i.NMI_Handler       stm32f1xx_it.o
    0x08001df4   0x08001df4   0x00000034   Code   RO         4563    i.StartTaskHigh     user_tasks.o
    0x08001e28   0x08001e28   0x00000008   Code   RO         4564    i.StartTaskLow      user_tasks.o
    0x08001e30   0x08001e30   0x0000000c   Code   RO         4565    i.StartTaskNormal   user_tasks.o
    0x08001e3c   0x08001e3c   0x0000002c   Code   RO         4407    i.SysTick_Handler   port.o
    0x08001e68   0x08001e68   0x0000005e   Code   RO           15    i.SystemClock_Config  main.o
    0x08001ec6   0x08001ec6   0x00000002   Code   RO         2830    i.SystemInit        system_stm32f1xx.o
    0x08001ec8   0x08001ec8   0x0000000c   Code   RO          338    i.TIM4_IRQHandler   stm32f1xx_it.o
    0x08001ed4   0x08001ed4   0x0000006c   Code   RO         1588    i.TIM_Base_SetConfig  stm32f1xx_hal_tim.o
    0x08001f40   0x08001f40   0x00000010   Code   RO         2509    i.UART_DMAAbortOnError  stm32f1xx_hal_uart.o
    0x08001f50   0x08001f50   0x0000004a   Code   RO         2510    i.UART_DMAError     stm32f1xx_hal_uart.o
    0x08001f9a   0x08001f9a   0x00000086   Code   RO         2511    i.UART_DMAReceiveCplt  stm32f1xx_hal_uart.o
    0x08002020   0x08002020   0x0000001e   Code   RO         2513    i.UART_DMARxHalfCplt  stm32f1xx_hal_uart.o
    0x0800203e   0x0800203e   0x00000042   Code   RO         2515    i.UART_DMATransmitCplt  stm32f1xx_hal_uart.o
    0x08002080   0x08002080   0x0000000a   Code   RO         2517    i.UART_DMATxHalfCplt  stm32f1xx_hal_uart.o
    0x0800208a   0x0800208a   0x0000004e   Code   RO         2519    i.UART_EndRxTransfer  stm32f1xx_hal_uart.o
    0x080020d8   0x080020d8   0x0000001c   Code   RO         2520    i.UART_EndTxTransfer  stm32f1xx_hal_uart.o
    0x080020f4   0x080020f4   0x000000c2   Code   RO         2521    i.UART_Receive_IT   stm32f1xx_hal_uart.o
    0x080021b6   0x080021b6   0x00000002   PAD
    0x080021b8   0x080021b8   0x000000b8   Code   RO         2522    i.UART_SetConfig    stm32f1xx_hal_uart.o
    0x08002270   0x08002270   0x00000090   Code   RO         2523    i.UART_Start_Receive_DMA  stm32f1xx_hal_uart.o
    0x08002300   0x08002300   0x00000014   Code   RO          339    i.USART1_IRQHandler  stm32f1xx_it.o
    0x08002314   0x08002314   0x00000002   Code   RO          340    i.UsageFault_Handler  stm32f1xx_it.o
    0x08002316   0x08002316   0x00000002   PAD
    0x08002318   0x08002318   0x00000098   Code   RO         4486    i.User_CommFOCDataParas  user_foc_uart.o
    0x080023b0   0x080023b0   0x00000054   Code   RO         4487    i.User_CommFOCIRQHandler  user_foc_uart.o
    0x08002404   0x08002404   0x00000034   Code   RO         4488    i.User_CommFOCInit  user_foc_uart.o
    0x08002438   0x08002438   0x0000008c   Code   RO         4489    i.User_CommFOCRecTask  user_foc_uart.o
    0x080024c4   0x080024c4   0x00000064   Code   RO         4490    i.User_CommFOCSendTask  user_foc_uart.o
    0x08002528   0x08002528   0x0000000c   Code   RO         4566    i.User_Init         user_tasks.o
    0x08002534   0x08002534   0x00000028   Code   RO         4756    i.__0sprintf$3      mc_w.l(printf3.o)
    0x0800255c   0x0800255c   0x00000020   Code   RO         1006    i.__NVIC_SetPriority  stm32f1xx_hal_cortex.o
    0x0800257c   0x0800257c   0x0000000c   Code   RO         4950    i.__read_errno      mc_w.l(errno.o)
    0x08002588   0x08002588   0x0000000e   Code   RO         4996    i.__scatterload_copy  mc_w.l(handlers.o)
    0x08002596   0x08002596   0x00000002   Code   RO         4997    i.__scatterload_null  mc_w.l(handlers.o)
    0x08002598   0x08002598   0x0000000e   Code   RO         4998    i.__scatterload_zeroinit  mc_w.l(handlers.o)
    0x080025a6   0x080025a6   0x00000002   PAD
    0x080025a8   0x080025a8   0x0000000c   Code   RO         4951    i.__set_errno       mc_w.l(errno.o)
    0x080025b4   0x080025b4   0x0000000e   Code   RO         4982    i._is_digit         mc_w.l(scanf_fp.o)
    0x080025c2   0x080025c2   0x00000002   PAD
    0x080025c4   0x080025c4   0x000001b8   Code   RO         4761    i._printf_core      mc_w.l(printf3.o)
    0x0800277c   0x0800277c   0x0000000a   Code   RO         4763    i._sputc            mc_w.l(printf3.o)
    0x08002786   0x08002786   0x0000002a   Code   RO         4621    i.atof              m_ws.l(atof.o)
    0x080027b0   0x080027b0   0x00000056   Code   RO         4491    i.is_valid_atof_format  user_foc_uart.o
    0x08002806   0x08002806   0x00000022   Code   RO           16    i.main              main.o
    0x08002828   0x08002828   0x00000034   Code   RO         3936    i.osDelay           cmsis_os2.o
    0x0800285c   0x0800285c   0x00000038   Code   RO         3950    i.osKernelInitialize  cmsis_os2.o
    0x08002894   0x08002894   0x00000040   Code   RO         3953    i.osKernelStart     cmsis_os2.o
    0x080028d4   0x080028d4   0x000000a4   Code   RO         3987    i.osThreadNew       cmsis_os2.o
    0x08002978   0x08002978   0x0000005c   Code   RO         3432    i.prvAddCurrentTaskToDelayedList  tasks.o
    0x080029d4   0x080029d4   0x000000d0   Code   RO         3433    i.prvAddNewTaskToReadyList  tasks.o
    0x08002aa4   0x08002aa4   0x00000058   Code   RO         3782    i.prvCheckForValidListAndQueue  timers.o
    0x08002afc   0x08002afc   0x00000026   Code   RO         3035    i.prvCopyDataFromQueue  queue.o
    0x08002b22   0x08002b22   0x0000006c   Code   RO         3036    i.prvCopyDataToQueue  queue.o
    0x08002b8e   0x08002b8e   0x00000034   Code   RO         3434    i.prvDeleteTCB      tasks.o
    0x08002bc2   0x08002bc2   0x00000002   PAD
    0x08002bc4   0x08002bc4   0x0000004c   Code   RO         4357    i.prvHeapInit       heap_4.o
    0x08002c10   0x08002c10   0x00000060   Code   RO         3435    i.prvIdleTask       tasks.o
    0x08002c70   0x08002c70   0x00000022   Code   RO         3038    i.prvInitialiseNewQueue  queue.o
    0x08002c92   0x08002c92   0x0000009c   Code   RO         3436    i.prvInitialiseNewTask  tasks.o
    0x08002d2e   0x08002d2e   0x00000002   PAD
    0x08002d30   0x08002d30   0x0000004c   Code   RO         4358    i.prvInsertBlockIntoFreeList  heap_4.o
    0x08002d7c   0x08002d7c   0x00000038   Code   RO         3784    i.prvInsertTimerInActiveList  timers.o
    0x08002db4   0x08002db4   0x0000001c   Code   RO         3039    i.prvIsQueueEmpty   queue.o
    0x08002dd0   0x08002dd0   0x000000cc   Code   RO         3785    i.prvProcessReceivedCommands  timers.o
    0x08002e9c   0x08002e9c   0x000000b4   Code   RO         3786    i.prvProcessTimerOrBlockTask  timers.o
    0x08002f50   0x08002f50   0x00000020   Code   RO         3438    i.prvResetNextTaskUnblockTime  tasks.o
    0x08002f70   0x08002f70   0x00000028   Code   RO         3787    i.prvSampleTimeNow  timers.o
    0x08002f98   0x08002f98   0x0000006c   Code   RO         3788    i.prvSwitchTimerLists  timers.o
    0x08003004   0x08003004   0x00000028   Code   RO         4408    i.prvTaskExitError  port.o
    0x0800302c   0x0800302c   0x00000024   Code   RO         3789    i.prvTimerTask      timers.o
    0x08003050   0x08003050   0x0000006a   Code   RO         3040    i.prvUnlockQueue    queue.o
    0x080030ba   0x080030ba   0x00000002   PAD
    0x080030bc   0x080030bc   0x000000d8   Code   RO         4359    i.pvPortMalloc      heap_4.o
    0x08003194   0x08003194   0x00000024   Code   RO         4409    i.pxPortInitialiseStack  port.o
    0x080031b8   0x080031b8   0x00000026   Code   RO         2995    i.uxListRemove      list.o
    0x080031de   0x080031de   0x00000002   PAD
    0x080031e0   0x080031e0   0x00000014   Code   RO         3999    i.vApplicationGetIdleTaskMemory  cmsis_os2.o
    0x080031f4   0x080031f4   0x00000018   Code   RO         4000    i.vApplicationGetTimerTaskMemory  cmsis_os2.o
    0x0800320c   0x0800320c   0x00000016   Code   RO         2996    i.vListInitialise   list.o
    0x08003222   0x08003222   0x00000006   Code   RO         2997    i.vListInitialiseItem  list.o
    0x08003228   0x08003228   0x00000030   Code   RO         2998    i.vListInsert       list.o
    0x08003258   0x08003258   0x00000018   Code   RO         2999    i.vListInsertEnd    list.o
    0x08003270   0x08003270   0x00000040   Code   RO         4411    i.vPortEnterCritical  port.o
    0x080032b0   0x080032b0   0x00000028   Code   RO         4412    i.vPortExitCritical  port.o
    0x080032d8   0x080032d8   0x0000005c   Code   RO         4360    i.vPortFree         heap_4.o
    0x08003334   0x08003334   0x00000024   Code   RO         4413    i.vPortSetupTimerInterrupt  port.o
    0x08003358   0x08003358   0x00000054   Code   RO         4414    i.vPortValidateInterruptPriority  port.o
    0x080033ac   0x080033ac   0x00000028   Code   RO         3046    i.vQueueAddToRegistry  queue.o
    0x080033d4   0x080033d4   0x00000044   Code   RO         3050    i.vQueueWaitForMessageRestricted  queue.o
    0x08003418   0x08003418   0x0000004c   Code   RO         3450    i.vTaskDelay        tasks.o
    0x08003464   0x08003464   0x00000010   Code   RO         3455    i.vTaskInternalSetTimeOutState  tasks.o
    0x08003474   0x08003474   0x0000000c   Code   RO         3456    i.vTaskMissedYield  tasks.o
    0x08003480   0x08003480   0x00000030   Code   RO         3458    i.vTaskPlaceOnEventList  tasks.o
    0x080034b0   0x080034b0   0x00000038   Code   RO         3459    i.vTaskPlaceOnEventListRestricted  tasks.o
    0x080034e8   0x080034e8   0x00000088   Code   RO         3467    i.vTaskStartScheduler  tasks.o
    0x08003570   0x08003570   0x00000010   Code   RO         3469    i.vTaskSuspendAll   tasks.o
    0x08003580   0x08003580   0x00000064   Code   RO         3470    i.vTaskSwitchContext  tasks.o
    0x080035e4   0x080035e4   0x000000a8   Code   RO         4415    i.xPortStartScheduler  port.o
    0x0800368c   0x0800368c   0x00000066   Code   RO         3056    i.xQueueGenericCreateStatic  queue.o
    0x080036f2   0x080036f2   0x00000002   PAD
    0x080036f4   0x080036f4   0x00000088   Code   RO         3057    i.xQueueGenericReset  queue.o
    0x0800377c   0x0800377c   0x00000160   Code   RO         3058    i.xQueueGenericSend  queue.o
    0x080038dc   0x080038dc   0x000000bc   Code   RO         3059    i.xQueueGenericSendFromISR  queue.o
    0x08003998   0x08003998   0x00000138   Code   RO         3068    i.xQueueReceive     queue.o
    0x08003ad0   0x08003ad0   0x00000074   Code   RO         3471    i.xTaskCheckForTimeOut  tasks.o
    0x08003b44   0x08003b44   0x0000005a   Code   RO         3472    i.xTaskCreate       tasks.o
    0x08003b9e   0x08003b9e   0x00000056   Code   RO         3473    i.xTaskCreateStatic  tasks.o
    0x08003bf4   0x08003bf4   0x0000001c   Code   RO         3477    i.xTaskGetSchedulerState  tasks.o
    0x08003c10   0x08003c10   0x0000000c   Code   RO         3478    i.xTaskGetTickCount  tasks.o
    0x08003c1c   0x08003c1c   0x000000c8   Code   RO         3480    i.xTaskIncrementTick  tasks.o
    0x08003ce4   0x08003ce4   0x00000080   Code   RO         3483    i.xTaskPriorityDisinherit  tasks.o
    0x08003d64   0x08003d64   0x00000070   Code   RO         3485    i.xTaskRemoveFromEventList  tasks.o
    0x08003dd4   0x08003dd4   0x000000c4   Code   RO         3486    i.xTaskResumeAll    tasks.o
    0x08003e98   0x08003e98   0x00000060   Code   RO         3796    i.xTimerCreateTimerTask  timers.o
    0x08003ef8   0x08003ef8   0x00000068   Code   RO         3797    i.xTimerGenericCommand  timers.o
    0x08003f60   0x08003f60   0x0000006c   Data   RO          208    .constdata          freertos.o
    0x08003fcc   0x08003fcc   0x00000012   Data   RO          704    .constdata          stm32f1xx_hal_rcc.o
    0x08003fde   0x08003fde   0x00000010   Data   RO         2831    .constdata          system_stm32f1xx.o
    0x08003fee   0x08003fee   0x00000008   Data   RO         2832    .constdata          system_stm32f1xx.o
    0x08003ff6   0x08003ff6   0x00000081   Data   RO         4630    .constdata          mc_w.l(ctype_o.o)
    0x08004077   0x08004077   0x00000001   PAD
    0x08004078   0x08004078   0x00000004   Data   RO         4631    .constdata          mc_w.l(ctype_o.o)
    0x0800407c   0x0800407c   0x00000020   Data   RO          209    .conststring        freertos.o
    0x0800409c   0x0800409c   0x00000020   Data   RO         4994    Region$$Table       anon$$obj.o


    Execution Region RW_IRAM1 (Exec base: 0x20000000, Load base: 0x080040bc, Size: 0x00004f90, Max: 0x00005000, ABSOLUTE)

    Exec Addr    Load Addr    Size         Type   Attr      Idx    E Section Name        Object

    0x20000000   0x080040bc   0x0000000c   Data   RW          210    .data               freertos.o
    0x2000000c   0x080040c8   0x0000000c   Data   RW          541    .data               stm32f1xx_hal.o
    0x20000018   0x080040d4   0x00000004   Data   RW         2833    .data               system_stm32f1xx.o
    0x2000001c   0x080040d8   0x0000003c   Data   RW         3489    .data               tasks.o
    0x20000058   0x08004114   0x00000014   Data   RW         3805    .data               timers.o
    0x2000006c   0x08004128   0x00000004   Data   RW         4002    .data               cmsis_os2.o
    0x20000070   0x0800412c   0x00000018   Data   RW         4365    .data               heap_4.o
    0x20000088   0x08004144   0x0000000c   Data   RW         4416    .data               port.o
    0x20000094   0x08004150   0x00000044   Data   RW         4493    .data               user_foc_uart.o
    0x200000d8   0x08004194   0x00000004   Data   RW         4567    .data               user_tasks.o
    0x200000dc   0x08004198   0x00000004   Data   RW         4952    .data               mc_w.l(errno.o)
    0x200000e0        -       0x000000d0   Zero   RW          292    .bss                usart.o
    0x200001b0        -       0x00000048   Zero   RW          444    .bss                stm32f1xx_hal_timebase_tim.o
    0x200001f8        -       0x00000040   Zero   RW         3072    .bss                queue.o
    0x20000238        -       0x000004c4   Zero   RW         3488    .bss                tasks.o
    0x200006fc        -       0x00000118   Zero   RW         3804    .bss                timers.o
    0x20000814        -       0x000006b8   Zero   RW         4001    .bss                cmsis_os2.o
    0x20000ecc        -       0x00003c00   Zero   RW         4364    .bss                heap_4.o
    0x20004acc        -       0x000000c0   Zero   RW         4492    .bss                user_foc_uart.o
    0x20004b8c   0x0800419c   0x00000004   PAD
    0x20004b90        -       0x00000400   Zero   RW            1    STACK               startup_stm32f103xb.o


==============================================================================

Image component sizes


      Code (inc. data)   RO Data    RW Data    ZI Data      Debug   Object Name

       380         32          0          4       1720      14238   cmsis_os2.o
        60          4          0          0          0        746   dma.o
         0          0          0          0          0      20144   event_groups.o
        68         22        140         12          0       4024   freertos.o
        44          6          0          0          0        763   gpio.o
       460         24          0         24      15360       4619   heap_4.o
       138          0          0          0          0       3342   list.o
       152          6          0          0          0     436028   main.o
       662         70          0         12          0      10697   port.o
      1512         20          0          0         64      16752   queue.o
        36          8        236          0       1024        792   startup_stm32f103xb.o
        64         14          0         12          0       4582   stm32f1xx_hal.o
       158         14          0          0          0      28138   stm32f1xx_hal_cortex.o
       808         36          0          0          0       4918   stm32f1xx_hal_dma.o
       480         34          0          0          0       2240   stm32f1xx_hal_gpio.o
        72         10          0          0          0        850   stm32f1xx_hal_msp.o
      1304         94         18          0          0       5669   stm32f1xx_hal_rcc.o
       654         26          0          0          0       6968   stm32f1xx_hal_tim.o
         4          0          0          0          0       1549   stm32f1xx_hal_tim_ex.o
       152         20          0          0         72       1447   stm32f1xx_hal_timebase_tim.o
      1950         38          0          0          0      15539   stm32f1xx_hal_uart.o
        68         22          0          0          0       4301   stm32f1xx_it.o
         0          0          0          0          0       8908   stream_buffer.o
         2          0         24          4          0       1083   system_stm32f1xx.o
      2064        170          0         60       1220      22988   tasks.o
       912         82          0         20        280      25855   timers.o
       284         28          0          0        208       1844   usart.o
       614         72          0         68        192       5218   user_foc_uart.o
        84         10          0          4          0       2403   user_tasks.o

    ----------------------------------------------------------------------
     13210        862        450        220      20144     656645   Object Totals
         0          0         32          0          0          0   (incl. Generated)
        24          0          0          0          4          0   (incl. Padding)

    ----------------------------------------------------------------------

      Code (inc. data)   RO Data    RW Data    ZI Data      Debug   Library Member Name

        42          0          0          0          0         84   atof.o
        64          0          0          0          0         84   _sgetc.o
         8          4        133          0          0         68   ctype_o.o
         0          0          0          0          0          0   entry.o
         0          0          0          0          0          0   entry10a.o
         0          0          0          0          0          0   entry11a.o
         8          4          0          0          0          0   entry2.o
         4          0          0          0          0          0   entry5.o
         0          0          0          0          0          0   entry7b.o
         0          0          0          0          0          0   entry8b.o
         8          4          0          0          0          0   entry9a.o
        24         12          0          4          0        136   errno.o
        30          0          0          0          0          0   handlers.o
        36          8          0          0          0         68   init.o
        18          0          0          0          0         76   isspace_o.o
         0          0          0          0          0          0   iusefp.o
        30          0          0          0          0         68   llshl.o
        32          0          0          0          0         68   llushr.o
        36          0          0          0          0         68   memcpya.o
        36          0          0          0          0        108   memseta.o
       490         10          0          0          0        252   printf3.o
       878         12          0          0          0        216   scanf_fp.o
       156         12          0          0          0        120   strtod.o
        44          0          0          0          0         80   uidiv.o
        56          0          0          0          0         88   d2f.o
       222          0          0          0          0        100   ddiv.o
       186          0          0          0          0        176   depilogue.o
        24          0          0          0          0         76   dfltul.o
       228          0          0          0          0         96   dmul.o
       110          0          0          0          0        168   fepilogue.o

    ----------------------------------------------------------------------
      2778         66        134          4          0       2200   Library Totals
         8          0          1          0          0          0   (incl. Padding)

    ----------------------------------------------------------------------

      Code (inc. data)   RO Data    RW Data    ZI Data      Debug   Library Name

        42          0          0          0          0         84   m_ws.l
      1902         66        133          4          0       1412   mc_w.l
       826          0          0          0          0        704   mf_w.l

    ----------------------------------------------------------------------
      2778         66        134          4          0       2200   Library Totals

    ----------------------------------------------------------------------

==============================================================================


      Code (inc. data)   RO Data    RW Data    ZI Data      Debug   

     15988        928        584        224      20144     650105   Grand Totals
     15988        928        584        224      20144     650105   ELF Image Totals
     15988        928        584        224          0          0   ROM Totals

==============================================================================

    Total RO  Size (Code + RO Data)                16572 (  16.18kB)
    Total RW  Size (RW Data + ZI Data)             20368 (  19.89kB)
    Total ROM Size (Code + RO Data + RW Data)      16796 (  16.40kB)

==============================================================================

